2026-09-20T08:43:41Z DEBUG hook session-start - 15770 us stdin=34us parse=29us context=164us db-open=8224us db-append=130us handler=7181us
2026-09-20T08:43:41Z DEBUG hook user-prompt-submit - 5558 us stdin=38us parse=34us context=208us db-open=1743us db-append=1904us handler=1623us
2026-09-20T08:43:43Z DEBUG hook pre-tool-use - 308 us stdin=35us parse=29us context=222us handler=18us
2026-09-20T08:43:46Z DEBUG hook post-tool-use - 21291 us stdin=97us parse=30us context=157us db-open=1798us db-append=17844us handler=1360us
2026-09-20T08:43:47Z DEBUG reduce - processed 3 spool 0
2026-09-20T08:43:47Z DEBUG reduce - 34216 us stdin=28474us
2026-09-20T08:43:51Z DEBUG reduce - processed 0 spool 0
2026-09-20T08:43:51Z DEBUG reduce - 2495 us stdin=32us
2026-09-20T08:43:51Z DEBUG hook stop - 20545 us stdin=36us parse=29us context=206us db-open=11181us db-append=7789us handler=1298us
2026-09-20T08:43:51Z DEBUG hook user-prompt-submit - 4808 us stdin=38us parse=32us context=235us db-open=1750us db-append=1161us handler=1586us
2026-09-20T08:43:54Z DEBUG hook post-tool-use - 23008 us stdin=36us parse=35us context=205us db-open=1701us db-append=18639us handler=2381us
2026-09-20T08:43:54Z DEBUG hook post-tool-use - 23566 us stdin=34us parse=34us context=196us db-open=1688us db-append=18936us handler=2671us
2026-09-20T08:43:54Z DEBUG hook post-tool-use - 5182 us stdin=38us parse=35us context=201us db-open=1390us db-append=1688us handler=1824us
2026-09-20T08:43:54Z DEBUG reduce - processed 5 spool 0
2026-09-20T08:43:54Z DEBUG reduce - 6228 us stdin=37us
2026-09-20T08:44:02Z DEBUG reduce - processed 0 spool 0
2026-09-20T08:44:02Z DEBUG reduce - 18981 us stdin=32us
2026-09-20T08:44:02Z DEBUG hook stop - 21948 us stdin=35us parse=30us context=211us db-open=2146us db-append=17459us handler=2060us
2026-09-20T08:44:02Z DEBUG hook user-prompt-submit - 4646 us stdin=73us parse=29us context=253us db-open=1754us db-append=1110us handler=1421us
2026-09-20T08:44:04Z DEBUG hook post-tool-use - 21969 us stdin=39us parse=35us context=241us db-open=1573us db-append=18189us handler=1884us
2026-09-20T08:44:04Z DEBUG reduce - processed 3 spool 0
2026-09-20T08:44:04Z DEBUG reduce - 5175 us stdin=35us
2026-09-20T08:44:17Z DEBUG hook stop - 4638 us stdin=42us parse=36us context=245us db-open=1616us db-append=1303us handler=1389us
2026-09-20T08:44:17Z DEBUG reduce - processed 1 spool 0
2026-09-20T08:44:17Z DEBUG reduce - 6353 us stdin=48us
2026-09-20T08:44:18Z DEBUG hook user-prompt-submit - 4537 us stdin=36us parse=30us context=225us db-open=1785us db-append=1210us handler=1247us
2026-09-20T08:44:20Z DEBUG hook pre-tool-use - 381 us stdin=38us parse=29us context=275us handler=34us
2026-09-20T08:44:20Z DEBUG hook post-tool-use - 5243 us stdin=38us parse=33us context=168us db-open=2010us db-append=1593us handler=1396us
2026-09-20T08:44:20Z DEBUG reduce - processed 2 spool 0
2026-09-20T08:44:20Z DEBUG reduce - 20707 us stdin=15488us
2026-09-20T08:44:27Z DEBUG reduce - processed 0 spool 0
2026-09-20T08:44:27Z DEBUG reduce - 20760 us stdin=40us
2026-09-20T08:44:27Z DEBUG hook stop - 23165 us stdin=35us parse=32us context=182us db-open=2267us db-append=18768us handler=1874us
2026-09-20T08:44:27Z DEBUG hook user-prompt-submit - 5997 us stdin=44us parse=37us context=269us db-open=2600us db-append=1340us handler=1701us
2026-09-20T08:44:30Z DEBUG hook post-tool-use - 22176 us stdin=76us parse=39us context=248us db-open=2129us db-append=17375us handler=2303us
2026-09-20T08:44:30Z DEBUG reduce - processed 3 spool 0
2026-09-20T08:44:30Z DEBUG reduce - 6800 us stdin=38us
2026-09-20T08:44:36Z DEBUG hook post-tool-use - 23076 us stdin=54us parse=39us context=197us db-open=2007us db-append=18231us handler=2534us
2026-09-20T08:44:37Z DEBUG hook post-tool-use - 5659 us stdin=35us parse=34us context=313us db-open=1555us db-append=1788us handler=1930us
2026-09-20T08:44:38Z DEBUG hook post-tool-use - 21670 us stdin=33us parse=32us context=207us db-open=1895us db-append=17724us handler=1772us
2026-09-20T08:44:38Z DEBUG reduce - processed 3 spool 0
2026-09-20T08:44:38Z DEBUG reduce - 16819 us stdin=11768us
2026-09-20T08:44:52Z DEBUG reduce - processed 0 spool 0
2026-09-20T08:44:52Z DEBUG reduce - 2564 us stdin=34us
2026-09-20T08:44:52Z DEBUG hook stop - 23990 us stdin=41us parse=34us context=245us db-open=3554us db-append=17416us handler=2693us
2026-09-20T08:44:52Z DEBUG hook user-prompt-submit - 9638 us stdin=42us parse=37us context=277us db-open=2990us db-append=3343us handler=2938us
2026-09-20T08:44:55Z DEBUG hook post-tool-use - 21402 us stdin=37us parse=38us context=217us db-open=1396us db-append=17788us handler=1919us
2026-09-20T08:44:56Z DEBUG hook post-tool-use - 6184 us stdin=40us parse=43us context=271us db-open=2637us db-append=1245us handler=1943us
2026-09-20T08:44:56Z DEBUG reduce - processed 4 spool 0
2026-09-20T08:44:56Z DEBUG reduce - 6382 us stdin=49us
2026-09-20T08:44:59Z DEBUG hook post-tool-use - 12972 us stdin=34us parse=39us context=215us db-open=2343us db-append=6558us handler=3778us
2026-09-20T08:44:59Z DEBUG reduce - processed 1 spool 0
2026-09-20T08:44:59Z DEBUG reduce - 14017 us stdin=9211us
2026-09-20T08:45:08Z DEBUG hook stop - 19295 us stdin=33us parse=29us context=226us db-open=1376us db-append=17339us handler=285us
2026-09-20T08:45:08Z DEBUG reduce - processed 1 spool 0
2026-09-20T08:45:08Z DEBUG reduce - 32425 us stdin=30us
2026-09-20T08:45:08Z DEBUG hook user-prompt-submit - 4421 us stdin=40us parse=28us context=239us db-open=1771us db-append=962us handler=1376us
2026-09-20T08:45:11Z DEBUG hook post-tool-use - 22373 us stdin=36us parse=35us context=251us db-open=1427us db-append=18117us handler=2499us
2026-09-20T08:45:12Z DEBUG hook post-tool-use - 5575 us stdin=38us parse=37us context=202us db-open=1679us db-append=1745us handler=1869us
2026-09-20T08:45:12Z DEBUG reduce - processed 3 spool 0
2026-09-20T08:45:12Z DEBUG reduce - 5547 us stdin=49us
2026-09-20T08:45:21Z DEBUG reduce - processed 0 spool 0
2026-09-20T08:45:21Z DEBUG reduce - 2203 us stdin=35us
2026-09-20T08:45:21Z DEBUG hook stop - 12357 us stdin=45us parse=43us context=249us db-open=2878us db-append=7354us handler=1781us
2026-09-20T08:45:21Z DEBUG hook user-prompt-submit - 5408 us stdin=34us parse=29us context=210us db-open=1633us db-append=1206us handler=2289us
2026-09-20T08:45:24Z DEBUG hook post-tool-use - 25427 us stdin=35us parse=34us context=206us db-open=1891us db-append=18130us handler=5123us
2026-09-20T08:45:25Z DEBUG hook post-tool-use - 22049 us stdin=35us parse=37us context=238us db-open=1588us db-append=18137us handler=2007us
2026-09-20T08:45:25Z DEBUG reduce - processed 4 spool 0
2026-09-20T08:45:25Z DEBUG reduce - 6713 us stdin=37us
2026-09-20T08:45:30Z DEBUG hook post-tool-use - 23317 us stdin=34us parse=35us context=299us db-open=1977us db-append=18036us handler=2930us
2026-09-20T08:45:30Z DEBUG reduce - processed 1 spool 0
2026-09-20T08:45:30Z DEBUG reduce - 19282 us stdin=12789us
2026-09-20T08:45:38Z DEBUG reduce - processed 0 spool 0
2026-09-20T08:45:38Z DEBUG reduce - 2710 us stdin=35us
2026-09-20T08:45:38Z DEBUG hook stop - 21476 us stdin=38us parse=39us context=285us db-open=1868us db-append=17093us handler=2148us
2026-09-20T08:45:38Z DEBUG hook user-prompt-submit - 6137 us stdin=48us parse=37us context=287us db-open=1967us db-append=2229us handler=1565us
2026-09-20T08:45:41Z DEBUG hook post-tool-use - 21663 us stdin=36us parse=33us context=210us db-open=1682us db-append=18009us handler=1687us
2026-09-20T08:45:41Z DEBUG reduce - processed 3 spool 0
2026-09-20T08:45:41Z DEBUG reduce - 14397 us stdin=9538us
2026-09-20T08:45:48Z DEBUG reduce - processed 0 spool 0
2026-09-20T08:45:48Z DEBUG reduce - 2673 us stdin=38us
2026-09-20T08:45:48Z DEBUG hook stop - 32814 us stdin=39us parse=34us context=261us db-open=12979us db-append=17723us handler=1770us
2026-09-20T08:45:49Z DEBUG hook user-prompt-submit - 9005 us stdin=35us parse=29us context=219us db-open=1550us db-append=1049us handler=6117us
2026-09-20T08:45:52Z DEBUG hook post-tool-use - 21119 us stdin=53us parse=44us context=179us db-open=2178us db-append=16806us handler=1850us
2026-09-20T08:45:52Z DEBUG reduce - processed 3 spool 0
2026-09-20T08:45:52Z DEBUG reduce - 16053 us stdin=10341us
2026-09-20T08:46:11Z DEBUG reduce - processed 0 spool 0
2026-09-20T08:46:11Z DEBUG reduce - 3050 us stdin=39us
2026-09-20T08:46:11Z DEBUG hook user-prompt-submit - 21053 us stdin=32us parse=30us context=215us db-open=1898us db-append=17165us handler=1707us
2026-09-20T08:46:18Z DEBUG hook post-tool-use - 22349 us stdin=33us parse=35us context=209us db-open=1950us db-append=18438us handler=1678us
2026-09-20T08:46:19Z DEBUG hook post-tool-use - 5304 us stdin=49us parse=39us context=214us db-open=1638us db-append=1899us handler=1460us
2026-09-20T08:46:19Z DEBUG reduce - processed 3 spool 0
2026-09-20T08:46:19Z DEBUG reduce - 5166 us stdin=38us
2026-09-20T08:46:35Z DEBUG reduce - processed 0 spool 0
2026-09-20T08:46:35Z DEBUG reduce - 2306 us stdin=36us
2026-09-20T08:46:35Z DEBUG hook user-prompt-submit - 20876 us stdin=34us parse=72us context=228us db-open=2253us db-append=16556us handler=1727us
2026-09-20T08:46:48Z DEBUG reduce - processed 1 spool 0
2026-09-20T08:46:48Z DEBUG reduce - 20888 us stdin=40us
2026-09-20T08:46:48Z DEBUG hook stop - 25885 us stdin=35us parse=40us context=209us db-open=3012us db-append=19962us handler=2620us
2026-09-20T08:46:48Z DEBUG hook pre-compact - 24482 us stdin=33us parse=28us context=219us db-open=1444us db-append=17495us handler=5257us
2026-09-20T08:47:42Z DEBUG hook session-start - 23193 us stdin=34us parse=28us context=308us db-open=1796us db-append=17810us handler=3212us
2026-09-20T08:47:42Z DEBUG hook post-compact - 8407 us stdin=2165us parse=100us context=307us db-open=2886us db-append=977us handler=1960us
2026-09-20T08:47:42Z DEBUG hook user-prompt-submit - 4582 us stdin=42us parse=29us context=214us db-open=1799us db-append=985us handler=1508us
2026-09-20T08:47:46Z DEBUG hook pre-tool-use - 348 us stdin=33us parse=30us context=249us handler=32us
2026-09-20T08:47:46Z DEBUG hook post-tool-use - 5487 us stdin=35us parse=32us context=161us db-open=2040us db-append=1287us handler=1926us
2026-09-20T08:47:46Z DEBUG reduce - processed 4 spool 0
2026-09-20T08:47:46Z DEBUG reduce - 9534 us stdin=3956us
2026-09-20T08:47:51Z DEBUG hook pre-tool-use - 23000 us stdin=34us parse=29us context=238us db-open=1453us db-append=18552us handler=2685us
2026-09-20T08:47:51Z DEBUG hook post-tool-use - 5752 us stdin=39us parse=35us context=199us db-open=2017us db-append=1734us handler=1721us
2026-09-20T08:47:51Z DEBUG hook pre-tool-use - 291 us stdin=34us parse=33us context=201us handler=19us
2026-09-20T08:47:52Z DEBUG hook post-tool-use - 4526 us stdin=36us parse=32us context=185us db-open=1586us db-append=1074us handler=1608us
2026-09-20T08:47:52Z DEBUG reduce - processed 3 spool 0
2026-09-20T08:47:52Z DEBUG reduce - 13634 us stdin=8194us
2026-09-20T08:47:57Z DEBUG hook stop - 20471 us stdin=33us parse=29us context=326us db-open=1814us db-append=17969us handler=292us
2026-09-20T08:47:57Z DEBUG reduce - processed 1 spool 0
2026-09-20T08:47:57Z DEBUG reduce - 48505 us stdin=31us
