2026-09-21T10:55:59Z DEBUG hook session-start - 7703 us stdin=27us parse=34us context=153us db-open=5038us db-append=84us handler=2361us
2026-09-21T10:56:00Z DEBUG hook user-prompt-submit - 3559 us stdin=24us parse=29us context=146us db-open=1445us db-append=854us handler=1055us
2026-09-21T10:56:01Z DEBUG hook pre-tool-use - 283 us stdin=25us parse=31us context=208us handler=17us
2026-09-21T10:56:04Z DEBUG hook post-tool-use - 4228 us stdin=26us parse=32us context=137us db-open=1560us db-append=1318us handler=1150us
2026-09-21T10:56:04Z DEBUG reduce - processed 3 spool 0
2026-09-21T10:56:04Z DEBUG reduce - 5695 us stdin=1020us
2026-09-21T10:56:08Z DEBUG hook stop - 20779 us stdin=23us parse=39us context=194us db-open=1354us db-append=18876us handler=286us
2026-09-21T10:56:08Z DEBUG reduce - processed 1 spool 0
2026-09-21T10:56:08Z DEBUG reduce - 39201 us stdin=19us
2026-09-21T10:56:08Z DEBUG hook user-prompt-submit - 4078 us stdin=65us parse=27us context=211us db-open=1724us db-append=871us handler=1173us
2026-09-21T10:56:10Z DEBUG hook post-tool-use - 21622 us stdin=58us parse=28us context=179us db-open=1563us db-append=18467us handler=1324us
2026-09-21T10:56:11Z DEBUG hook post-tool-use - 22470 us stdin=52us parse=33us context=181us db-open=1349us db-append=19453us handler=1399us
2026-09-21T10:56:11Z DEBUG hook post-tool-use - 21075 us stdin=29us parse=34us context=185us db-open=1320us db-append=18254us handler=1249us
2026-09-21T10:56:12Z DEBUG hook post-tool-use - 3889 us stdin=26us parse=73us context=204us db-open=1378us db-append=973us handler=1231us
2026-09-21T10:56:12Z DEBUG hook post-tool-use-failure - 3752 us stdin=49us parse=29us context=184us db-open=1629us db-append=836us handler=1022us
2026-09-21T10:56:12Z DEBUG reduce - processed 6 spool 0
2026-09-21T10:56:12Z DEBUG reduce - 4167 us stdin=28us
2026-09-21T10:56:14Z DEBUG hook post-tool-use - 3650 us stdin=24us parse=31us context=191us db-open=1288us db-append=950us handler=1161us
2026-09-21T10:56:14Z DEBUG reduce - processed 1 spool 0
2026-09-21T10:56:14Z DEBUG reduce - 4205 us stdin=86us
2026-09-21T10:56:22Z DEBUG hook stop - 19334 us stdin=59us parse=29us context=213us db-open=1365us db-append=17362us handler=295us
2026-09-21T10:56:22Z DEBUG reduce - processed 1 spool 0
2026-09-21T10:56:22Z DEBUG reduce - 34900 us stdin=21us
2026-09-21T10:56:22Z DEBUG hook user-prompt-submit - 3927 us stdin=21us parse=23us context=197us db-open=1543us db-append=966us handler=1170us
2026-09-21T10:56:26Z DEBUG hook pre-tool-use - 20339 us stdin=24us parse=32us context=193us db-open=1480us db-append=17033us handler=1572us
2026-09-21T10:56:26Z DEBUG hook post-tool-use - 3941 us stdin=54us parse=37us context=190us db-open=1689us db-append=863us handler=1104us
2026-09-21T10:56:27Z DEBUG hook pre-tool-use - 4033 us stdin=22us parse=27us context=182us db-open=1692us db-append=1017us handler=1087us
2026-09-21T10:56:27Z DEBUG hook post-tool-use - 3921 us stdin=22us parse=42us context=177us db-open=1570us db-append=908us handler=1198us
2026-09-21T10:56:27Z DEBUG hook pre-tool-use - 304 us stdin=65us parse=26us context=194us handler=16us
2026-09-21T10:56:28Z DEBUG hook post-tool-use - 4681 us stdin=67us parse=27us context=133us db-open=1850us db-append=971us handler=1629us
2026-09-21T10:56:28Z DEBUG reduce - processed 6 spool 0
2026-09-21T10:56:28Z DEBUG reduce - 12422 us stdin=7039us
2026-09-21T10:56:34Z DEBUG reduce - processed 0 spool 0
2026-09-21T10:56:34Z DEBUG reduce - 18565 us stdin=31us
2026-09-21T10:56:34Z DEBUG hook stop - 21530 us stdin=49us parse=25us context=179us db-open=1612us db-append=18197us handler=1462us
2026-09-21T10:56:34Z DEBUG hook user-prompt-submit - 4154 us stdin=137us parse=23us context=244us db-open=1711us db-append=869us handler=1163us
2026-09-21T10:56:36Z DEBUG hook pre-tool-use - 10102 us stdin=25us parse=26us context=181us db-open=1641us db-append=7184us handler=1041us
2026-09-21T10:56:37Z DEBUG hook post-tool-use - 4799 us stdin=60us parse=28us context=222us db-open=1763us db-append=1576us handler=1146us
2026-09-21T10:56:37Z DEBUG reduce - processed 4 spool 0
2026-09-21T10:56:37Z DEBUG reduce - 5595 us stdin=25us
2026-09-21T10:56:40Z DEBUG hook stop - 4658 us stdin=26us parse=27us context=196us db-open=1207us db-append=2952us handler=244us
2026-09-21T10:56:40Z DEBUG reduce - processed 1 spool 0
2026-09-21T10:56:40Z DEBUG reduce - 22853 us stdin=22us
2026-09-21T10:56:40Z DEBUG hook user-prompt-submit - 3737 us stdin=52us parse=25us context=207us db-open=1320us db-append=926us handler=1202us
2026-09-21T10:56:44Z DEBUG hook pre-tool-use - 22116 us stdin=22us parse=26us context=175us db-open=1400us db-append=18280us handler=2209us
2026-09-21T10:56:44Z DEBUG hook post-tool-use - 4078 us stdin=26us parse=37us context=179us db-open=1537us db-append=1179us handler=1115us
2026-09-21T10:56:44Z DEBUG hook pre-tool-use - 248 us stdin=23us parse=27us context=180us handler=15us
2026-09-21T10:56:45Z DEBUG hook post-tool-use - 21414 us stdin=26us parse=35us context=141us db-open=1505us db-append=18209us handler=1493us
2026-09-21T10:56:45Z DEBUG reduce - processed 4 spool 0
2026-09-21T10:56:45Z DEBUG reduce - 10593 us stdin=5671us
2026-09-21T10:56:51Z DEBUG hook stop - 3841 us stdin=28us parse=30us context=183us db-open=1800us db-append=1582us handler=212us
2026-09-21T10:56:51Z DEBUG reduce - processed 1 spool 0
2026-09-21T10:56:51Z DEBUG reduce - 18013 us stdin=48us
2026-09-21T10:56:51Z DEBUG hook user-prompt-submit - 4247 us stdin=27us parse=21us context=202us db-open=1489us db-append=1038us handler=1456us
2026-09-21T10:56:54Z DEBUG hook pre-tool-use - 22387 us stdin=22us parse=33us context=185us db-open=1638us db-append=19108us handler=1397us
2026-09-21T10:56:54Z DEBUG hook post-tool-use - 4771 us stdin=25us parse=28us context=206us db-open=1699us db-append=1452us handler=1354us
2026-09-21T10:56:54Z DEBUG reduce - processed 3 spool 0
2026-09-21T10:56:54Z DEBUG reduce - 4799 us stdin=71us
2026-09-21T10:56:58Z DEBUG hook stop - 3565 us stdin=68us parse=25us context=182us db-open=1780us db-append=1289us handler=215us
2026-09-21T10:56:59Z DEBUG reduce - processed 1 spool 0
2026-09-21T10:56:59Z DEBUG reduce - 14890 us stdin=20us
2026-09-21T10:56:59Z DEBUG hook user-prompt-submit - 3664 us stdin=27us parse=32us context=186us db-open=1541us db-append=791us handler=1081us
2026-09-21T10:57:01Z DEBUG hook post-tool-use - 20942 us stdin=24us parse=30us context=201us db-open=1273us db-append=17872us handler=1538us
2026-09-21T10:57:01Z DEBUG reduce - processed 2 spool 0
2026-09-21T10:57:01Z DEBUG reduce - 4058 us stdin=24us
2026-09-21T10:57:13Z DEBUG reduce - processed 0 spool 0
2026-09-21T10:57:13Z DEBUG reduce - 2093 us stdin=26us
2026-09-21T10:57:13Z DEBUG hook stop - 13797 us stdin=22us parse=28us context=262us db-open=10974us db-append=1354us handler=1150us
2026-09-21T10:57:13Z DEBUG hook user-prompt-submit - 4239 us stdin=76us parse=35us context=331us db-open=1758us db-append=920us handler=1114us
2026-09-21T10:57:15Z DEBUG hook post-tool-use - 4303 us stdin=40us parse=31us context=197us db-open=1702us db-append=1232us handler=1096us
2026-09-21T10:57:15Z DEBUG reduce - processed 3 spool 0
2026-09-21T10:57:15Z DEBUG reduce - 6832 us stdin=2725us
2026-09-21T10:57:18Z DEBUG hook post-tool-use - 3809 us stdin=43us parse=41us context=205us db-open=1477us db-append=1008us handler=1027us
2026-09-21T10:57:18Z DEBUG reduce - processed 1 spool 0
2026-09-21T10:57:18Z DEBUG reduce - 3808 us stdin=27us
2026-09-21T10:57:23Z DEBUG hook post-tool-use - 20900 us stdin=34us parse=31us context=173us db-open=2051us db-append=17308us handler=1297us
2026-09-21T10:57:23Z DEBUG reduce - processed 1 spool 0
2026-09-21T10:57:23Z DEBUG reduce - 16773 us stdin=12478us
2026-09-21T10:57:35Z DEBUG hook pre-tool-use - 262 us stdin=24us parse=36us context=181us handler=17us
2026-09-21T10:57:37Z DEBUG hook post-tool-use - 22588 us stdin=28us parse=30us context=159us db-open=2290us db-append=18506us handler=1571us
2026-09-21T10:57:38Z DEBUG reduce - processed 1 spool 0
2026-09-21T10:57:38Z DEBUG reduce - 8790 us stdin=4026us
2026-09-21T10:57:50Z DEBUG reduce - processed 0 spool 0
2026-09-21T10:57:50Z DEBUG reduce - 2408 us stdin=25us
2026-09-21T10:57:50Z DEBUG hook user-prompt-submit - 21775 us stdin=24us parse=32us context=190us db-open=2017us db-append=18134us handler=1369us
2026-09-21T10:57:53Z DEBUG hook post-tool-use - 4593 us stdin=23us parse=28us context=217us db-open=1367us db-append=1701us handler=1252us
2026-09-21T10:57:53Z DEBUG reduce - processed 2 spool 0
2026-09-21T10:57:53Z DEBUG reduce - 11854 us stdin=6989us
2026-09-21T10:57:57Z DEBUG hook pre-tool-use - 267 us stdin=22us parse=28us context=197us handler=16us
2026-09-21T10:57:58Z DEBUG hook post-tool-use - 7818 us stdin=40us parse=49us context=166us db-open=2725us db-append=3183us handler=1643us
2026-09-21T10:57:58Z DEBUG reduce - processed 1 spool 0
2026-09-21T10:57:58Z DEBUG reduce - 4824 us stdin=89us
2026-09-21T10:58:02Z DEBUG hook pre-tool-use - 279 us stdin=26us parse=36us context=199us handler=16us
2026-09-21T10:58:03Z DEBUG hook post-tool-use - 7834 us stdin=23us parse=34us context=149us db-open=1950us db-append=4434us handler=1239us
2026-09-21T10:58:03Z DEBUG reduce - processed 1 spool 0
2026-09-21T10:58:03Z DEBUG reduce - 3900 us stdin=25us
2026-09-21T10:58:12Z DEBUG hook stop - 3230 us stdin=55us parse=27us context=201us db-open=1307us db-append=1410us handler=224us
2026-09-21T10:58:12Z DEBUG reduce - processed 1 spool 0
2026-09-21T10:58:12Z DEBUG reduce - 20991 us stdin=21us
2026-09-21T10:58:12Z DEBUG hook user-prompt-submit - 4738 us stdin=20us parse=23us context=211us db-open=1834us db-append=1139us handler=1500us
2026-09-21T10:58:14Z DEBUG hook post-tool-use - 21763 us stdin=52us parse=29us context=201us db-open=1949us db-append=17821us handler=1707us
2026-09-21T10:58:14Z DEBUG reduce - processed 2 spool 0
2026-09-21T10:58:14Z DEBUG reduce - 10737 us stdin=6539us
2026-09-21T10:58:17Z DEBUG hook pre-tool-use - 308 us stdin=56us parse=29us context=200us handler=20us
2026-09-21T10:58:17Z DEBUG hook post-tool-use - 3976 us stdin=28us parse=39us context=141us db-open=1479us db-append=1048us handler=1237us
2026-09-21T10:58:17Z DEBUG reduce - processed 1 spool 0
2026-09-21T10:58:17Z DEBUG reduce - 7536 us stdin=3500us
2026-09-21T10:58:25Z DEBUG reduce - processed 0 spool 0
2026-09-21T10:58:25Z DEBUG reduce - 19198 us stdin=47us
2026-09-21T10:58:25Z DEBUG hook stop - 21357 us stdin=53us parse=25us context=177us db-open=1332us db-append=18350us handler=1414us
2026-09-21T10:58:25Z DEBUG hook user-prompt-submit - 3901 us stdin=68us parse=27us context=199us db-open=1533us db-append=866us handler=1201us
2026-09-21T10:58:28Z DEBUG hook pre-tool-use - 275 us stdin=56us parse=24us context=176us handler=15us
2026-09-21T10:58:28Z DEBUG hook post-tool-use - 4143 us stdin=58us parse=28us context=149us db-open=1557us db-append=1046us handler=1301us
2026-09-21T10:58:28Z DEBUG reduce - processed 3 spool 0
2026-09-21T10:58:28Z DEBUG reduce - 12532 us stdin=7715us
2026-09-21T10:58:32Z DEBUG hook post-tool-use - 20902 us stdin=48us parse=38us context=207us db-open=1307us db-append=17769us handler=1529us
2026-09-21T10:58:32Z DEBUG reduce - processed 1 spool 0
2026-09-21T10:58:32Z DEBUG reduce - 4353 us stdin=24us
2026-09-21T10:58:37Z DEBUG hook pre-tool-use - 283 us stdin=26us parse=28us context=210us handler=16us
2026-09-21T10:58:38Z DEBUG hook post-tool-use - 4262 us stdin=25us parse=42us context=156us db-open=1613us db-append=1201us handler=1220us
2026-09-21T10:58:38Z DEBUG reduce - processed 1 spool 0
2026-09-21T10:58:38Z DEBUG reduce - 12852 us stdin=8595us
2026-09-21T10:58:45Z DEBUG hook stop - 20251 us stdin=55us parse=26us context=307us db-open=1458us db-append=17814us handler=585us
2026-09-21T10:58:45Z DEBUG reduce - processed 1 spool 0
2026-09-21T10:58:45Z DEBUG reduce - 39422 us stdin=27us
2026-09-21T10:58:45Z DEBUG hook user-prompt-submit - 3527 us stdin=48us parse=24us context=200us db-open=1318us db-append=834us handler=1097us
2026-09-21T10:58:47Z DEBUG hook pre-tool-use - 263 us stdin=28us parse=26us context=190us handler=17us
2026-09-21T10:58:48Z DEBUG hook post-tool-use - 4409 us stdin=64us parse=26us context=166us db-open=1381us db-append=1569us handler=1197us
2026-09-21T10:58:48Z DEBUG reduce - processed 2 spool 0
2026-09-21T10:58:48Z DEBUG reduce - 12401 us stdin=7660us
2026-09-21T10:58:55Z DEBUG hook stop - 3014 us stdin=25us parse=29us context=189us db-open=1294us db-append=1208us handler=262us
2026-09-21T10:58:55Z DEBUG reduce - processed 1 spool 0
2026-09-21T10:58:55Z DEBUG reduce - 21922 us stdin=74us
2026-09-21T10:58:55Z DEBUG hook user-prompt-submit - 5572 us stdin=93us parse=39us context=398us db-open=2754us db-append=988us handler=1294us
2026-09-21T10:58:57Z DEBUG hook post-tool-use - 20314 us stdin=68us parse=34us context=196us db-open=1594us db-append=17217us handler=1201us
2026-09-21T10:58:57Z DEBUG reduce - processed 2 spool 0
2026-09-21T10:58:57Z DEBUG reduce - 10888 us stdin=6720us
2026-09-21T10:59:04Z DEBUG hook pre-tool-use - 369 us stdin=83us parse=27us context=239us handler=18us
2026-09-21T10:59:05Z DEBUG hook post-tool-use - 4245 us stdin=24us parse=34us context=181us db-open=1424us db-append=1364us handler=1213us
2026-09-21T10:59:06Z DEBUG hook pre-tool-use - 287 us stdin=23us parse=26us context=218us handler=17us
2026-09-21T10:59:06Z DEBUG hook post-tool-use - 4305 us stdin=72us parse=29us context=163us db-open=1597us db-append=1115us handler=1325us
2026-09-21T10:59:08Z DEBUG hook pre-tool-use - 290 us stdin=27us parse=35us context=208us handler=17us
2026-09-21T10:59:08Z DEBUG hook post-tool-use - 4190 us stdin=25us parse=34us context=142us db-open=1571us db-append=1088us handler=1326us
2026-09-21T10:59:08Z DEBUG reduce - processed 3 spool 0
2026-09-21T10:59:08Z DEBUG reduce - 14522 us stdin=10017us
2026-09-21T10:59:26Z DEBUG hook stop - 3708 us stdin=27us parse=44us context=226us db-open=1952us db-append=1225us handler=229us
2026-09-21T10:59:26Z DEBUG reduce - processed 1 spool 0
2026-09-21T10:59:26Z DEBUG reduce - 12726 us stdin=26us
2026-09-21T10:59:26Z DEBUG hook user-prompt-submit - 3875 us stdin=55us parse=24us context=185us db-open=1429us db-append=807us handler=1368us
2026-09-21T10:59:32Z DEBUG hook pre-tool-use - 265 us stdin=24us parse=27us context=193us handler=18us
2026-09-21T10:59:34Z DEBUG hook post-tool-use - 19988 us stdin=24us parse=34us context=151us db-open=1560us db-append=16954us handler=1260us
2026-09-21T10:59:34Z DEBUG reduce - processed 2 spool 0
2026-09-21T10:59:34Z DEBUG reduce - 4602 us stdin=318us
2026-09-21T10:59:41Z DEBUG hook pre-tool-use - 302 us stdin=53us parse=26us context=202us handler=18us
2026-09-21T10:59:41Z DEBUG hook post-tool-use - 4099 us stdin=23us parse=29us context=138us db-open=1536us db-append=1208us handler=1161us
2026-09-21T10:59:41Z DEBUG reduce - processed 1 spool 0
2026-09-21T10:59:41Z DEBUG reduce - 15575 us stdin=11444us
2026-09-21T10:59:50Z DEBUG reduce - processed 0 spool 0
2026-09-21T10:59:50Z DEBUG reduce - 2336 us stdin=58us
2026-09-21T10:59:50Z DEBUG hook stop - 13414 us stdin=25us parse=39us context=158us db-open=4314us db-append=7619us handler=1254us
2026-09-21T10:59:50Z DEBUG hook user-prompt-submit - 4001 us stdin=35us parse=28us context=214us db-open=1710us db-append=822us handler=1184us
2026-09-21T11:00:00Z DEBUG hook stop - 19704 us stdin=65us parse=47us context=231us db-open=1989us db-append=17080us handler=287us
2026-09-21T11:00:00Z DEBUG reduce - processed 3 spool 0
2026-09-21T11:00:00Z DEBUG reduce - 36742 us stdin=70us
2026-09-21T11:00:00Z DEBUG hook pre-compact - 5469 us stdin=99us parse=24us context=226us db-open=1361us db-append=833us handler=2919us
2026-09-21T11:00:44Z DEBUG hook session-start - 21507 us stdin=22us parse=22us context=139us db-open=1428us db-append=17969us handler=1915us
2026-09-21T11:00:44Z DEBUG hook post-compact - 5169 us stdin=46us parse=49us context=200us db-open=2264us db-append=938us handler=1665us
2026-09-21T11:00:44Z DEBUG hook user-prompt-submit - 4292 us stdin=27us parse=27us context=214us db-open=1562us db-append=1088us handler=1367us
2026-09-21T11:00:49Z DEBUG hook pre-tool-use - 21307 us stdin=23us parse=25us context=194us db-open=1358us db-append=18317us handler=1382us
2026-09-21T11:00:49Z DEBUG hook post-tool-use - 4579 us stdin=190us parse=32us context=228us db-open=1930us db-append=804us handler=1391us
2026-09-21T11:00:49Z DEBUG hook pre-tool-use - 423 us stdin=48us parse=24us context=182us handler=165us
2026-09-21T11:00:50Z DEBUG hook post-tool-use - 21117 us stdin=25us parse=32us context=148us db-open=1595us db-append=18012us handler=1300us
2026-09-21T11:00:50Z DEBUG reduce - processed 6 spool 0
2026-09-21T11:00:50Z DEBUG reduce - 5253 us stdin=31us
2026-09-21T11:00:53Z DEBUG hook pre-tool-use - 20929 us stdin=55us parse=26us context=183us db-open=1347us db-append=18082us handler=1230us
2026-09-21T11:00:53Z DEBUG hook post-tool-use - 5507 us stdin=27us parse=30us context=208us db-open=2282us db-append=1242us handler=1714us
2026-09-21T11:00:53Z DEBUG hook pre-tool-use - 272 us stdin=55us parse=24us context=176us handler=14us
2026-09-21T11:00:54Z DEBUG hook post-tool-use - 3873 us stdin=50us parse=26us context=138us db-open=1458us db-append=985us handler=1211us
2026-09-21T11:00:54Z DEBUG reduce - processed 3 spool 0
2026-09-21T11:00:54Z DEBUG reduce - 5500 us stdin=23us
2026-09-21T11:00:59Z DEBUG hook stop - 21008 us stdin=46us parse=27us context=198us db-open=1638us db-append=18804us handler=288us
2026-09-21T11:00:59Z DEBUG reduce - processed 1 spool 0
2026-09-21T11:00:59Z DEBUG reduce - 30687 us stdin=21us
