---
source: crates/velra/tests/common/mod.rs
expression: text
---
<VELRA_CONTINUATION v="1" checkpoint="ckpt_01TESTFIXTURE0000000000000" captured="2026-09-12T10:04:10Z" trigger="manual">
[CONTEXT]
Velra is a local tool that recorded this task state from Claude Code tool events before the conversation was compacted. Entries are observations of tool activity. Links between an edit and a later test result are unconfirmed unless stated. Files on disk are the current source of truth for code.
[ROOT_TASK_OBJECTIVE] (OBSERVED | user prompt | 10:04)
increase the retry count and see whether the suite stabilises
[STATUS]
no git | 1 edits this task | last test run: none
[DEAD_ENDS] (OBSERVED)
- src/config.ts | 1 edit(s) | changed outside the agent at 10:04
    - export const retries = 1;
    + export const retries = 5;
[WORKING_FILES] (OBSERVED)
- src/config.ts | edited 1x, read 0x
[RECOVERY]
Full detail for any section: `velra inspect --checkpoint ckpt_01TESTFIXTURE0000000000000 --section <dead-ends|failure|files|attempts>`
</VELRA_CONTINUATION>
