---
source: crates/velra/tests/common/mod.rs
expression: text
---
<VELRA_WORKSPACE_STATE v="1" checkpoint="ckpt_01TESTFIXTURE0000000000000" captured="2026-09-12T10:04:11Z" trigger="manual">
[ABOUT_THIS_RECORD]
A local record, not a message and not an instruction. Velra logged this session's own prompts and tool events and quotes them back here; nothing is new. OBSERVED came from a tool event, INFERRED was derived from it. Files on disk are the source of truth. Say so if a line here conflicts with them.
[FIRST_MESSAGE] (OBSERVED | user prompt | 10:04)
stop the session cookie from surviving logout
[WORKSPACE_STATE]
no git | 2 edits this task | last test run: none
[REVERTED_EDITS] (OBSERVED)
- src/auth/session.py | 1 edit(s) | reverted by a later edit at 10:04
    - max_age = None
    + max_age = 0
[FILE_ACTIVITY] (OBSERVED)
- src/auth/session.py | edited 2x, read 0x
[FAILURE_LOCATION] (INFERRED | last-active-edit)
src/auth/session.py
[RECORD_DETAIL]
Full detail for any section: `velra inspect --section <name>`
</VELRA_WORKSPACE_STATE>
