---
source: crates/velra/tests/common/mod.rs
expression: text
---
<VELRA_CONTINUATION v="1" checkpoint="ckpt_01TESTFIXTURE0000000000000" captured="2026-09-12T10:04:08Z" trigger="manual">
[CONTEXT]
Velra is a local tool that recorded this task state from Claude Code tool events before the conversation was compacted. Entries are observations of tool activity. Links between an edit and a later test result are unconfirmed unless stated. Files on disk are the current source of truth for code.
[ROOT_TASK_OBJECTIVE] (OBSERVED | user prompt | 10:04)
fix the flaky logout test and keep the session cookie behaviour intact
[STATUS]
no git | 0 edits this task | last test run: FAIL
[ACTIVE_FAILURE] (OBSERVED | test run | 10:04)
Command: pytest tests/test_auth.py -x
Result: FAIL (exit 1)
  E   assert response.cookies["session"] is None
  tests/test_auth.py:88: AssertionError
[RECOVERY]
Full detail for any section: `velra inspect --checkpoint ckpt_01TESTFIXTURE0000000000000 --section <dead-ends|failure|files|attempts>`
</VELRA_CONTINUATION>
