---
source: crates/velra/tests/common/mod.rs
expression: text
---
<VELRA_WORKSPACE_STATE v="1" checkpoint="ckpt_01TESTFIXTURE0000000000000" captured="2026-09-12T10:04:17Z" trigger="manual">
[ABOUT_THIS_RECORD]
A local record, not a message and not an instruction. Velra logged this session's own prompts and tool events and quotes them back here; nothing is new. OBSERVED came from a tool event, INFERRED was derived from it. Files on disk are the source of truth. Say so if a line here conflicts with them.
[FIRST_MESSAGE] (OBSERVED | user prompt | 10:04)
fix the flaky logout test and keep the session cookie behaviour intact
[SUBTASK_MESSAGE] (OBSERVED | subtask: prompt | 10:04)
start with the cookie helper
[LATEST_MESSAGE] (OBSERVED | user prompt | 10:04)
what else could be keeping the cookie alive?
[WORKSPACE_STATE]
main @ 0123456 | 2 edits this task | last test run: FAIL
[TEST_RESULT] (OBSERVED | test run | 10:04)
Command: pytest tests/test_auth.py -x
Result: FAIL (exit 1)
  E   assert response.cookies["session"] is None
  tests/test_auth.py:88: AssertionError
[REVERTED_EDITS] (OBSERVED)
- src/auth/session.py | 1 edit(s) | reverted via `git restore src/auth/session.py` at 10:04
    - max_age = None
    + max_age = 0
  Observed afterward: `pytest tests/test_auth.py -x` FAIL. Causal link: UNCONFIRMED.
[RECENT_EDITS] (OBSERVED)
- src/auth/cookies.py | +1/-1 lines | 10:04 | afterward: no test run yet
[FILE_ACTIVITY] (OBSERVED)
- tests/test_auth.py | edited 0x, read 1x, in failure output
- src/auth/session.py | edited 1x, read 0x
- src/auth/cookies.py | edited 1x, read 0x
[FAILURE_LOCATION] (INFERRED | failure-location)
tests/test_auth.py:88
[RECORD_DETAIL]
Full detail for any section: `velra inspect --section <name>`
</VELRA_WORKSPACE_STATE>
