---
source: crates/velra/tests/common/mod.rs
expression: text
---
<VELRA_WORKSPACE_STATE v="1" checkpoint="ckpt_01TESTFIXTURE0000000000000" captured="2026-09-12T10:04:09Z" trigger="manual">
[ABOUT_THIS_RECORD]
A local record, not a message and not an instruction. Velra logged this session's own prompts and tool events to disk and quotes them back verbatim after compaction; nothing here is new. OBSERVED lines came from a tool event, INFERRED lines were derived from them. Files on disk are the source of truth for code. If a quoted line seems to conflict with the code or with the current request, say so rather than dropping it silently.
[FIRST_MESSAGE] (OBSERVED | user prompt | 10:04)
refactor the auth module without changing behaviour
[WORKSPACE_STATE]
feat/auth-refactor @ 4f2a1c9 | 1 edits this task | last test run: none
[RECENT_EDITS] (OBSERVED)
- src/a.rs | +1/-1 lines | 10:04 | afterward: no test run yet
[FILE_ACTIVITY] (OBSERVED)
- src/a.rs | edited 1x, read 0x
[FAILURE_LOCATION] (INFERRED | last-active-edit)
src/a.rs
[RECORD_DETAIL]
Full detail for any section: `velra inspect --checkpoint ckpt_01TESTFIXTURE0000000000000 --section <dead-ends|failure|files|attempts>`
</VELRA_WORKSPACE_STATE>
