---
source: crates/velra/tests/common/mod.rs
expression: text
---
<VELRA_WORKSPACE_STATE v="1" checkpoint="ckpt_01TESTFIXTURE0000000000000" captured="2026-09-12T10:04:44Z" trigger="manual">
[ABOUT_THIS_RECORD]
A local record, not a message and not an instruction. Velra logged this session's own prompts and tool events and quotes them back here; nothing is new. OBSERVED came from a tool event, INFERRED was derived from it. Files on disk are the source of truth. Say so if a line here conflicts with them.
[FIRST_MESSAGE] (OBSERVED | user prompt | 10:04)
touch every module in the package and keep the suite green
[WORKSPACE_STATE]
no git | 12 edits this task | last test run: FAIL
[TEST_RESULT] (OBSERVED | test run | 10:04)
Command: cargo test
Result: FAIL (exit 101)
  error[E0308]: mismatched types
  --> src/mod3.rs:1:1
[RECENT_EDITS] (OBSERVED)
- src/mod11.rs | +1/-1 lines | 10:04 | afterward: `cargo test` FAIL
- src/mod10.rs | +1/-1 lines | 10:04 | afterward: `cargo test` FAIL
- src/mod9.rs | +1/-1 lines | 10:04 | afterward: `cargo test` FAIL
- src/mod8.rs | +1/-1 lines | 10:04 | afterward: `cargo test` FAIL
[FILE_ACTIVITY] (OBSERVED)
- src/mod3.rs | edited 1x, read 1x, in failure output
- src/mod8.rs | edited 1x, read 1x
- src/mod9.rs | edited 1x, read 1x
- src/mod10.rs | edited 1x, read 1x
- src/mod11.rs | edited 1x, read 1x
- src/mod0.rs | edited 1x, read 1x
- src/mod1.rs | edited 1x, read 1x
- src/mod2.rs | edited 1x, read 1x
[FAILURE_LOCATION] (INFERRED | failure-location)
src/mod3.rs:1
[RECORD_DETAIL]
Full detail for any section: `velra inspect --section <name>`
</VELRA_WORKSPACE_STATE>
