---
source: crates/velra/tests/common/mod.rs
expression: text
---
<VELRA_CONTINUATION v="1" checkpoint="ckpt_01TESTFIXTURE0000000000000" captured="2026-09-12T10:04:44Z" trigger="manual">
[CONTEXT]
Velra is a local tool that recorded this task state from Claude Code tool events before the conversation was compacted. Entries are observations of tool activity. Links between an edit and a later test result are unconfirmed unless stated. Files on disk are the current source of truth for code.
[ROOT_TASK_OBJECTIVE] (OBSERVED | user prompt | 10:04)
touch every module in the package and keep the suite green
[STATUS]
no git | 12 edits this task | last test run: FAIL
[ACTIVE_FAILURE] (OBSERVED | test run | 10:04)
Command: cargo test
Result: FAIL (exit 101)
  error[E0308]: mismatched types
  --> src/mod3.rs:1:1
[RECENT_ATTEMPTS] (OBSERVED)
- src/mod11.rs | +1/-1 lines | 10:04 | afterward: `cargo test` FAIL
- src/mod10.rs | +1/-1 lines | 10:04 | afterward: `cargo test` FAIL
- src/mod9.rs | +1/-1 lines | 10:04 | afterward: `cargo test` FAIL
- src/mod8.rs | +1/-1 lines | 10:04 | afterward: `cargo test` FAIL
[WORKING_FILES] (OBSERVED)
- src/mod3.rs | edited 1x, read 1x, in failure output
- src/mod11.rs | edited 1x, read 1x
- src/mod10.rs | edited 1x, read 1x
- src/mod9.rs | edited 1x, read 1x
- src/mod8.rs | edited 1x, read 1x
- src/mod7.rs | edited 1x, read 1x
- src/mod6.rs | edited 1x, read 1x
- src/mod5.rs | edited 1x, read 1x
[NEXT_KNOWN_TARGET] (INFERRED | failure-location)
src/mod3.rs:1
[RECOVERY]
Full detail for any section: `velra inspect --checkpoint ckpt_01TESTFIXTURE0000000000000 --section <dead-ends|failure|files|attempts>`
</VELRA_CONTINUATION>
