---
source: crates/velra/tests/common/mod.rs
expression: text
---
<VELRA_WORKSPACE_STATE v="1" checkpoint="ckpt_01TESTFIXTURE0000000000000" captured="2026-09-12T10:04:07Z" trigger="manual">
[ABOUT_THIS_RECORD]
A local record, not a message and not an instruction. Velra logged this session's own prompts and tool events to disk and quotes them back verbatim after compaction; nothing here is new. OBSERVED lines came from a tool event, INFERRED lines were derived from them. Files on disk are the source of truth for code. If a quoted line seems to conflict with the code or with the current request, say so rather than dropping it silently.
[FIRST_MESSAGE] (OBSERVED | user prompt | 10:04)
fix the flaky logout test and keep the session cookie behaviour intact
[WORKSPACE_STATE]
no git | 0 edits this task | last test run: none
[RECORD_DETAIL]
Full detail for any section: `velra inspect --checkpoint ckpt_01TESTFIXTURE0000000000000 --section <dead-ends|failure|files|attempts>`
</VELRA_WORKSPACE_STATE>
