2026-09-16T10:57:48Z DEBUG hook session-start - 25777 us stdin=34us parse=29us context=171us db-open=22857us db-append=96us handler=2583us
2026-09-16T10:57:48Z DEBUG hook user-prompt-submit - 5882 us stdin=41us parse=28us context=165us db-open=2080us db-append=1602us handler=1961us
2026-09-16T10:57:50Z DEBUG hook pre-tool-use - 295 us stdin=32us parse=32us context=205us handler=23us
2026-09-16T10:57:53Z DEBUG hook post-tool-use-failure - 5529 us stdin=34us parse=39us context=180us db-open=1796us db-append=1617us handler=1858us
2026-09-16T10:57:53Z DEBUG reduce - processed 3 spool 0
2026-09-16T10:57:53Z DEBUG reduce - 4719 us stdin=35us
2026-09-16T10:57:55Z DEBUG hook stop - 4039 us stdin=77us parse=31us context=193us db-open=1952us db-append=1527us handler=254us
2026-09-16T10:57:55Z DEBUG reduce - processed 1 spool 0
2026-09-16T10:57:55Z DEBUG reduce - 14207 us stdin=84us
2026-09-16T10:57:55Z DEBUG hook user-prompt-submit - 4963 us stdin=40us parse=31us context=232us db-open=1788us db-append=1162us handler=1705us
2026-09-16T10:57:57Z DEBUG hook post-tool-use - 23327 us stdin=35us parse=36us context=214us db-open=1388us db-append=18764us handler=2881us
2026-09-16T10:57:58Z DEBUG hook post-tool-use - 23167 us stdin=34us parse=36us context=240us db-open=1294us db-append=19152us handler=2400us
2026-09-16T10:57:59Z DEBUG hook post-tool-use - 24185 us stdin=33us parse=41us context=196us db-open=1613us db-append=19524us handler=2770us
2026-09-16T10:57:59Z DEBUG reduce - processed 4 spool 0
2026-09-16T10:57:59Z DEBUG reduce - 5275 us stdin=39us
2026-09-16T10:58:03Z DEBUG hook stop - 21094 us stdin=37us parse=52us context=200us db-open=1767us db-append=18763us handler=268us
2026-09-16T10:58:03Z DEBUG hook user-prompt-submit - 5355 us stdin=28us parse=27us context=308us db-open=4515us db-append=175us handler=292us
2026-09-16T10:58:03Z DEBUG reduce - processed 2 spool 0
2026-09-16T10:58:03Z DEBUG reduce - 62216 us stdin=79us
2026-09-16T10:58:06Z DEBUG hook pre-tool-use - 21634 us stdin=33us parse=32us context=257us db-open=1415us db-append=18087us handler=1803us
2026-09-16T10:58:06Z DEBUG hook post-tool-use - 5119 us stdin=34us parse=37us context=357us db-open=1903us db-append=1248us handler=1535us
2026-09-16T10:58:06Z DEBUG reduce - processed 2 spool 0
2026-09-16T10:58:06Z DEBUG reduce - 6351 us stdin=36us
2026-09-16T10:58:09Z DEBUG hook pre-tool-use - 22636 us stdin=37us parse=36us context=210us db-open=1678us db-append=18681us handler=1984us
2026-09-16T10:58:09Z DEBUG hook post-tool-use - 7782 us stdin=41us parse=40us context=190us db-open=1816us db-append=2813us handler=2876us
2026-09-16T10:58:09Z DEBUG reduce - processed 2 spool 0
2026-09-16T10:58:09Z DEBUG reduce - 5937 us stdin=32us
2026-09-16T10:58:11Z DEBUG hook pre-tool-use - 326 us stdin=35us parse=32us context=234us handler=20us
2026-09-16T10:58:12Z DEBUG hook post-tool-use-failure - 4866 us stdin=36us parse=45us context=168us db-open=1761us db-append=1557us handler=1292us
2026-09-16T10:58:12Z DEBUG reduce - processed 1 spool 0
2026-09-16T10:58:12Z DEBUG reduce - 6178 us stdin=37us
2026-09-16T10:58:17Z DEBUG reduce - processed 0 spool 0
2026-09-16T10:58:17Z DEBUG reduce - 3531 us stdin=34us
2026-09-16T10:58:17Z DEBUG hook stop - 29522 us stdin=30us parse=30us context=442us db-open=9290us db-append=18034us handler=1689us
2026-09-16T10:58:17Z DEBUG hook user-prompt-submit - 7640 us stdin=34us parse=28us context=196us db-open=3149us db-append=2090us handler=2137us
2026-09-16T10:58:19Z DEBUG hook pre-tool-use - 23933 us stdin=42us parse=37us context=272us db-open=1868us db-append=18851us handler=2857us
2026-09-16T10:58:20Z DEBUG hook post-tool-use-failure - 5525 us stdin=34us parse=38us context=205us db-open=1674us db-append=1948us handler=1621us
2026-09-16T10:58:20Z DEBUG reduce - processed 4 spool 0
2026-09-16T10:58:20Z DEBUG reduce - 8386 us stdin=38us
2026-09-16T10:58:22Z DEBUG reduce - processed 0 spool 0
2026-09-16T10:58:22Z DEBUG reduce - 3662 us stdin=33us
2026-09-16T10:58:22Z DEBUG hook stop - 35427 us stdin=31us parse=30us context=159us db-open=14478us db-append=18516us handler=2207us
2026-09-16T10:58:22Z DEBUG hook user-prompt-submit - 4493 us stdin=33us parse=29us context=282us db-open=1673us db-append=1046us handler=1424us
2026-09-16T10:58:26Z DEBUG hook pre-tool-use - 4880 us stdin=33us parse=31us context=202us db-open=1540us db-append=1480us handler=1587us
2026-09-16T10:58:26Z DEBUG hook post-tool-use - 5111 us stdin=41us parse=38us context=203us db-open=1888us db-append=1442us handler=1494us
2026-09-16T10:58:26Z DEBUG reduce - processed 4 spool 0
2026-09-16T10:58:26Z DEBUG reduce - 5978 us stdin=34us
2026-09-16T10:58:27Z DEBUG hook pre-tool-use - 337 us stdin=35us parse=34us context=243us handler=21us
2026-09-16T10:58:28Z DEBUG hook post-tool-use-failure - 4884 us stdin=35us parse=36us context=153us db-open=1655us db-append=1602us handler=1397us
2026-09-16T10:58:28Z DEBUG reduce - processed 1 spool 0
2026-09-16T10:58:28Z DEBUG reduce - 5397 us stdin=38us
2026-09-16T10:58:32Z DEBUG reduce - processed 0 spool 0
2026-09-16T10:58:32Z DEBUG reduce - 2616 us stdin=44us
2026-09-16T10:58:32Z DEBUG hook stop - 22094 us stdin=31us parse=38us context=182us db-open=1226us db-append=18685us handler=1924us
2026-09-16T10:58:32Z DEBUG hook user-prompt-submit - 5076 us stdin=39us parse=28us context=205us db-open=2061us db-append=1134us handler=1603us
2026-09-16T10:58:34Z DEBUG hook pre-tool-use - 23601 us stdin=34us parse=32us context=257us db-open=1813us db-append=18713us handler=2747us
2026-09-16T10:58:35Z DEBUG hook post-tool-use-failure - 5966 us stdin=34us parse=37us context=194us db-open=1790us db-append=1911us handler=1995us
2026-09-16T10:58:35Z DEBUG reduce - processed 4 spool 0
2026-09-16T10:58:35Z DEBUG reduce - 8761 us stdin=57us
2026-09-16T10:58:37Z DEBUG reduce - processed 0 spool 0
2026-09-16T10:58:37Z DEBUG reduce - 2205 us stdin=31us
2026-09-16T10:58:37Z DEBUG hook stop - 80833 us stdin=35us parse=34us context=225us db-open=61486us db-append=17051us handler=1993us
2026-09-16T10:58:37Z DEBUG hook user-prompt-submit - 5383 us stdin=40us parse=31us context=198us db-open=1707us db-append=1317us handler=2085us
2026-09-16T10:58:39Z DEBUG hook post-tool-use - 20055 us stdin=41us parse=50us context=250us db-open=15072us db-append=1717us handler=2919us
2026-09-16T10:58:39Z DEBUG reduce - processed 3 spool 0
2026-09-16T10:58:39Z DEBUG reduce - 5943 us stdin=41us
2026-09-16T10:58:45Z DEBUG reduce - processed 0 spool 0
2026-09-16T10:58:45Z DEBUG reduce - 2743 us stdin=36us
2026-09-16T10:58:45Z DEBUG hook stop - 6306 us stdin=30us parse=30us context=173us db-open=2350us db-append=2251us handler=1465us
2026-09-16T10:58:45Z DEBUG hook user-prompt-submit - 4958 us stdin=36us parse=31us context=212us db-open=1722us db-append=1224us handler=1727us
2026-09-16T10:58:46Z DEBUG hook post-tool-use - 22115 us stdin=105us parse=44us context=213us db-open=1869us db-append=17396us handler=2482us
2026-09-16T10:58:46Z DEBUG reduce - processed 3 spool 0
2026-09-16T10:58:46Z DEBUG reduce - 5556 us stdin=36us
2026-09-16T10:58:50Z DEBUG hook post-tool-use - 23943 us stdin=31us parse=40us context=191us db-open=1398us db-append=19838us handler=2437us
2026-09-16T10:58:51Z DEBUG hook post-tool-use - 22707 us stdin=48us parse=46us context=231us db-open=1616us db-append=18647us handler=2112us
2026-09-16T10:58:52Z DEBUG hook post-tool-use - 23426 us stdin=47us parse=44us context=255us db-open=1865us db-append=19163us handler=2045us
2026-09-16T10:58:52Z DEBUG hook post-tool-use - 24232 us stdin=43us parse=43us context=231us db-open=1630us db-append=19538us handler=2740us
2026-09-16T10:58:53Z DEBUG hook post-tool-use - 20886 us stdin=112us parse=46us context=292us db-open=1648us db-append=17310us handler=1474us
2026-09-16T10:58:54Z DEBUG hook post-tool-use - 21211 us stdin=38us parse=39us context=187us db-open=1461us db-append=17893us handler=1588us
2026-09-16T10:58:54Z DEBUG hook post-tool-use - 5973 us stdin=38us parse=39us context=247us db-open=1491us db-append=2220us handler=1933us
2026-09-16T10:58:55Z DEBUG hook post-tool-use - 22876 us stdin=36us parse=44us context=250us db-open=1398us db-append=18558us handler=2582us
2026-09-16T10:58:56Z DEBUG hook post-tool-use - 6166 us stdin=38us parse=549us context=216us db-open=1425us db-append=1849us handler=2085us
2026-09-16T10:58:56Z DEBUG hook post-tool-use - 20312 us stdin=37us parse=39us context=228us db-open=1357us db-append=17251us handler=1394us
2026-09-16T10:58:57Z DEBUG hook post-tool-use - 11218 us stdin=39us parse=39us context=241us db-open=1467us db-append=7428us handler=1999us
2026-09-16T10:59:01Z DEBUG hook post-tool-use - 22025 us stdin=37us parse=39us context=202us db-open=2541us db-append=17367us handler=1832us
2026-09-16T10:59:03Z DEBUG hook post-tool-use - 12433 us stdin=8313us parse=22us context=286us db-open=1267us db-append=1134us handler=1405us
2026-09-16T10:59:05Z DEBUG hook post-tool-use - 21054 us stdin=41us parse=39us context=207us db-open=1739us db-append=17165us handler=1856us
2026-09-16T10:59:05Z DEBUG hook post-tool-use - 20756 us stdin=30us parse=22us context=194us db-open=1267us db-append=17136us handler=2100us
2026-09-16T10:59:06Z DEBUG hook post-tool-use - 21352 us stdin=15523us parse=49us context=444us db-open=2589us db-append=1310us handler=1432us
2026-09-16T10:59:07Z DEBUG hook post-tool-use - 24337 us stdin=41us parse=107us context=233us db-open=2691us db-append=18397us handler=2861us
2026-09-16T10:59:08Z DEBUG hook post-tool-use - 5147 us stdin=30us parse=21us context=183us db-open=1297us db-append=2047us handler=1564us
2026-09-16T10:59:08Z DEBUG hook post-tool-use - 23653 us stdin=38us parse=20us context=188us db-open=1447us db-append=20583us handler=1371us
2026-09-16T10:59:09Z DEBUG hook post-tool-use - 4605 us stdin=29us parse=22us context=189us db-open=1372us db-append=1281us handler=1707us
2026-09-16T10:59:10Z DEBUG hook post-tool-use - 20893 us stdin=31us parse=23us context=220us db-open=1336us db-append=17677us handler=1601us
2026-09-16T10:59:10Z DEBUG hook post-tool-use - 4581 us stdin=32us parse=21us context=186us db-open=1642us db-append=1152us handler=1542us
2026-09-16T10:59:11Z DEBUG hook post-tool-use - 22858 us stdin=33us parse=22us context=272us db-open=1255us db-append=18829us handler=2438us
2026-09-16T10:59:11Z DEBUG hook post-tool-use - 20374 us stdin=40us parse=38us context=267us db-open=1506us db-append=16995us handler=1521us
2026-09-16T10:59:12Z DEBUG hook post-tool-use - 22177 us stdin=46us parse=42us context=226us db-open=1575us db-append=18155us handler=2126us
2026-09-16T10:59:12Z DEBUG reduce - processed 25 spool 0
2026-09-16T10:59:12Z DEBUG reduce - 5081 us stdin=264us
2026-09-16T10:59:27Z DEBUG hook stop - 4714 us stdin=37us parse=31us context=242us db-open=2589us db-append=1545us handler=265us
2026-09-16T10:59:27Z DEBUG reduce - processed 1 spool 0
2026-09-16T10:59:27Z DEBUG reduce - 15504 us stdin=33us
2026-09-16T10:59:27Z DEBUG hook user-prompt-submit - 5790 us stdin=34us parse=28us context=218us db-open=2766us db-append=1191us handler=1549us
2026-09-16T10:59:31Z DEBUG hook post-tool-use - 5668 us stdin=34us parse=37us context=199us db-open=1992us db-append=1889us handler=1512us
2026-09-16T10:59:31Z DEBUG reduce - processed 2 spool 0
2026-09-16T10:59:31Z DEBUG reduce - 24164 us stdin=19261us
2026-09-16T10:59:36Z DEBUG hook post-tool-use - 22784 us stdin=41us parse=46us context=386us db-open=2841us db-append=17666us handler=1800us
2026-09-16T10:59:36Z DEBUG reduce - processed 1 spool 0
2026-09-16T10:59:36Z DEBUG reduce - 20695 us stdin=16024us
2026-09-16T10:59:39Z DEBUG hook post-tool-use - 22158 us stdin=39us parse=40us context=208us db-open=1314us db-append=18251us handler=2283us
2026-09-16T10:59:39Z DEBUG reduce - processed 1 spool 0
2026-09-16T10:59:39Z DEBUG reduce - 7645 us stdin=38us
2026-09-16T10:59:47Z DEBUG reduce - processed 0 spool 0
2026-09-16T10:59:47Z DEBUG reduce - 19161 us stdin=33us
2026-09-16T10:59:47Z DEBUG hook stop - 26126 us stdin=36us parse=33us context=2845us db-open=1976us db-append=18933us handler=2297us
2026-09-16T10:59:47Z DEBUG hook user-prompt-submit - 6964 us stdin=39us parse=32us context=260us db-open=4046us db-append=1237us handler=1344us
2026-09-16T10:59:50Z DEBUG hook post-tool-use - 21817 us stdin=37us parse=38us context=221us db-open=1724us db-append=18293us handler=1498us
2026-09-16T10:59:50Z DEBUG reduce - processed 3 spool 0
2026-09-16T10:59:50Z DEBUG reduce - 26877 us stdin=18763us
2026-09-16T10:59:53Z DEBUG hook post-tool-use - 5634 us stdin=39us parse=41us context=218us db-open=1765us db-append=2129us handler=1437us
2026-09-16T10:59:53Z DEBUG reduce - processed 1 spool 0
2026-09-16T10:59:53Z DEBUG reduce - 24643 us stdin=18775us
2026-09-16T10:59:58Z DEBUG reduce - processed 0 spool 0
2026-09-16T10:59:58Z DEBUG reduce - 2905 us stdin=33us
2026-09-16T10:59:58Z DEBUG hook stop - 33663 us stdin=29us parse=32us context=165us db-open=13179us db-append=18264us handler=1985us
2026-09-16T10:59:58Z DEBUG hook user-prompt-submit - 5740 us stdin=40us parse=30us context=208us db-open=2647us db-append=1260us handler=1507us
2026-09-16T11:00:00Z DEBUG hook post-tool-use - 20703 us stdin=44us parse=34us context=276us db-open=1685us db-append=17036us handler=1623us
2026-09-16T11:00:00Z DEBUG reduce - processed 3 spool 0
2026-09-16T11:00:00Z DEBUG reduce - 5211 us stdin=35us
2026-09-16T11:00:02Z DEBUG hook post-tool-use - 21255 us stdin=32us parse=36us context=200us db-open=1845us db-append=17439us handler=1696us
2026-09-16T11:00:02Z DEBUG reduce - processed 1 spool 0
2026-09-16T11:00:02Z DEBUG reduce - 3937 us stdin=37us
2026-09-16T11:00:05Z DEBUG hook post-tool-use - 22851 us stdin=34us parse=37us context=213us db-open=1491us db-append=18609us handler=2458us
2026-09-16T11:00:05Z DEBUG reduce - processed 1 spool 0
2026-09-16T11:00:05Z DEBUG reduce - 4635 us stdin=35us
2026-09-16T11:00:09Z DEBUG hook post-tool-use - 21445 us stdin=46us parse=49us context=238us db-open=2047us db-append=17776us handler=1283us
2026-09-16T11:00:10Z DEBUG reduce - processed 1 spool 0
2026-09-16T11:00:10Z DEBUG reduce - 4940 us stdin=51us
2026-09-16T11:00:14Z DEBUG hook stop - 19063 us stdin=37us parse=31us context=207us db-open=1747us db-append=16747us handler=287us
2026-09-16T11:00:14Z DEBUG reduce - processed 1 spool 0
2026-09-16T11:00:14Z DEBUG reduce - 48766 us stdin=54us
2026-09-16T11:00:14Z DEBUG hook user-prompt-submit - 5316 us stdin=28us parse=28us context=201us db-open=1600us db-append=1786us handler=1667us
2026-09-16T11:00:21Z DEBUG hook stop - 19326 us stdin=35us parse=31us context=223us db-open=1408us db-append=17322us handler=300us
2026-09-16T11:00:21Z DEBUG reduce - processed 2 spool 0
2026-09-16T11:00:21Z DEBUG reduce - 39072 us stdin=70us
2026-09-16T11:00:21Z DEBUG hook user-prompt-submit - 4279 us stdin=36us parse=29us context=215us db-open=1725us db-append=969us handler=1301us
2026-09-16T11:00:24Z DEBUG hook post-tool-use - 22819 us stdin=48us parse=42us context=221us db-open=1582us db-append=19421us handler=1497us
2026-09-16T11:00:24Z DEBUG reduce - processed 2 spool 0
2026-09-16T11:00:24Z DEBUG reduce - 24335 us stdin=19214us
2026-09-16T11:00:29Z DEBUG hook post-tool-use - 20838 us stdin=33us parse=63us context=231us db-open=1807us db-append=17081us handler=1618us
2026-09-16T11:00:29Z DEBUG reduce - processed 1 spool 0
2026-09-16T11:00:29Z DEBUG reduce - 22661 us stdin=16670us
2026-09-16T11:00:38Z DEBUG hook stop - 19558 us stdin=38us parse=30us context=221us db-open=1764us db-append=17186us handler=311us
2026-09-16T11:00:38Z DEBUG reduce - processed 1 spool 0
2026-09-16T11:00:38Z DEBUG reduce - 37084 us stdin=34us
2026-09-16T11:00:38Z DEBUG hook user-prompt-submit - 5100 us stdin=48us parse=29us context=246us db-open=1572us db-append=1342us handler=1857us
2026-09-16T11:00:42Z DEBUG hook post-tool-use - 5276 us stdin=36us parse=57us context=257us db-open=2097us db-append=1112us handler=1711us
2026-09-16T11:00:42Z DEBUG reduce - processed 2 spool 0
2026-09-16T11:00:42Z DEBUG reduce - 25370 us stdin=20057us
2026-09-16T11:00:47Z DEBUG hook post-tool-use - 8818 us stdin=38us parse=37us context=242us db-open=2286us db-append=4308us handler=1902us
2026-09-16T11:00:47Z DEBUG reduce - processed 1 spool 0
2026-09-16T11:00:47Z DEBUG reduce - 4641 us stdin=37us
2026-09-16T11:00:54Z DEBUG hook stop - 19622 us stdin=163us parse=32us context=252us db-open=1950us db-append=16875us handler=342us
2026-09-16T11:00:55Z DEBUG hook user-prompt-submit - 32079 us stdin=32us parse=28us context=205us db-open=31310us db-append=181us handler=318us
2026-09-16T11:00:55Z DEBUG reduce - processed 2 spool 0
2026-09-16T11:00:55Z DEBUG reduce - 108153 us stdin=248us
2026-09-16T11:01:02Z DEBUG reduce - processed 0 spool 0
2026-09-16T11:01:02Z DEBUG reduce - 2163 us stdin=33us
2026-09-16T11:01:02Z DEBUG hook stop - 31525 us stdin=29us parse=32us context=162us db-open=11457us db-append=18218us handler=1621us
2026-09-16T11:01:02Z DEBUG hook pre-compact - 8300 us stdin=132us parse=30us context=223us db-open=1861us db-append=1656us handler=4391us
2026-09-16T11:01:51Z DEBUG hook session-start - 4877 us stdin=33us parse=28us context=218us db-open=1452us db-append=1134us handler=2006us
2026-09-16T11:01:51Z DEBUG hook post-compact - 6041 us stdin=422us parse=37us context=253us db-open=2397us db-append=1144us handler=1781us
2026-09-16T11:01:51Z DEBUG hook user-prompt-submit - 4714 us stdin=56us parse=30us context=247us db-open=1705us db-append=1274us handler=1397us
2026-09-16T11:02:02Z DEBUG hook pre-tool-use - 23009 us stdin=41us parse=34us context=272us db-open=2032us db-append=18879us handler=1745us
2026-09-16T11:02:02Z DEBUG hook post-tool-use - 7632 us stdin=39us parse=42us context=275us db-open=2081us db-append=1071us handler=4118us
2026-09-16T11:02:02Z DEBUG reduce - processed 5 spool 0
2026-09-16T11:02:02Z DEBUG reduce - 35004 us stdin=29360us
2026-09-16T11:02:04Z DEBUG hook pre-tool-use - 2998 us stdin=2670us parse=36us context=266us handler=22us
2026-09-16T11:02:06Z DEBUG hook post-tool-use - 24855 us stdin=34us parse=42us context=176us db-open=1741us db-append=21240us handler=1616us
2026-09-16T11:02:06Z DEBUG reduce - processed 1 spool 0
2026-09-16T11:02:06Z DEBUG reduce - 62690 us stdin=57002us
2026-09-16T11:02:09Z DEBUG hook stop - 19568 us stdin=35us parse=32us context=262us db-open=1365us db-append=17552us handler=314us
2026-09-16T11:02:09Z DEBUG reduce - processed 1 spool 0
2026-09-16T11:02:09Z DEBUG reduce - 33855 us stdin=30us
