2026-09-13T07:34:19Z DEBUG hook session-start - 8777 us stdin=51us parse=33us context=309us db-open=6295us db-append=134us handler=1949us
2026-09-13T07:34:19Z DEBUG hook user-prompt-submit - 6206 us stdin=30us parse=28us context=177us db-open=1615us db-append=2705us handler=1644us
2026-09-13T07:34:27Z DEBUG hook post-tool-use-failure - 4588 us stdin=29us parse=31us context=283us db-open=1347us db-append=1358us handler=1535us
2026-09-13T07:34:27Z DEBUG reduce - processed 3 spool 0
2026-09-13T07:34:27Z DEBUG reduce - 73743 us stdin=65754us
2026-09-13T07:34:30Z DEBUG hook stop - 5395 us stdin=94us parse=27us context=194us db-open=2098us db-append=1850us handler=1126us
2026-09-13T07:34:30Z DEBUG reduce - processed 1 spool 0
2026-09-13T07:34:30Z DEBUG reduce - 11508 us stdin=24us
2026-09-13T07:34:30Z DEBUG hook user-prompt-submit - 5408 us stdin=25us parse=22us context=183us db-open=1321us db-append=1392us handler=2458us
2026-09-13T07:34:33Z DEBUG hook post-tool-use - 5662 us stdin=28us parse=29us context=192us db-open=1912us db-append=1803us handler=1695us
2026-09-13T07:34:34Z DEBUG hook post-tool-use - 4081 us stdin=64us parse=31us context=230us db-open=1236us db-append=925us handler=1590us
2026-09-13T07:34:34Z DEBUG hook post-tool-use - 5285 us stdin=27us parse=31us context=194us db-open=1855us db-append=1617us handler=1558us
2026-09-13T07:34:34Z DEBUG reduce - processed 4 spool 0
2026-09-13T07:34:34Z DEBUG reduce - 6583 us stdin=34us
2026-09-13T07:34:39Z DEBUG hook stop - 18908 us stdin=27us parse=26us context=243us db-open=1249us db-append=17101us handler=256us
2026-09-13T07:34:39Z DEBUG reduce - processed 1 spool 0
2026-09-13T07:34:39Z DEBUG reduce - 44354 us stdin=53us
2026-09-13T07:34:39Z DEBUG hook user-prompt-submit - 4143 us stdin=24us parse=25us context=205us db-open=1572us db-append=949us handler=1361us
2026-09-13T07:34:44Z DEBUG hook post-tool-use - 21153 us stdin=65us parse=38us context=251us db-open=1319us db-append=17659us handler=1816us
2026-09-13T07:34:44Z DEBUG reduce - processed 2 spool 0
2026-09-13T07:34:44Z DEBUG reduce - 4242 us stdin=34us
2026-09-13T07:34:47Z DEBUG hook pre-tool-use - 3608 us stdin=38us parse=29us context=215us db-open=1301us db-append=904us handler=1116us
2026-09-13T07:34:47Z DEBUG hook post-tool-use - 4068 us stdin=27us parse=32us context=189us db-open=1413us db-append=813us handler=1590us
2026-09-13T07:34:47Z DEBUG reduce - processed 2 spool 0
2026-09-13T07:34:47Z DEBUG reduce - 4844 us stdin=52us
2026-09-13T07:34:51Z DEBUG hook pre-tool-use - 5059 us stdin=40us parse=27us context=204us db-open=1738us db-append=1710us handler=1335us
2026-09-13T07:34:51Z DEBUG hook post-tool-use - 5847 us stdin=37us parse=30us context=318us db-open=2256us db-append=1650us handler=1552us
2026-09-13T07:34:51Z DEBUG reduce - processed 2 spool 0
2026-09-13T07:34:51Z DEBUG reduce - 6626 us stdin=27us
2026-09-13T07:34:55Z DEBUG hook post-tool-use-failure - 4650 us stdin=121us parse=32us context=207us db-open=1432us db-append=920us handler=1934us
2026-09-13T07:34:55Z DEBUG reduce - processed 1 spool 0
2026-09-13T07:34:55Z DEBUG reduce - 4791 us stdin=60us
2026-09-13T07:35:00Z DEBUG hook stop - 3458 us stdin=34us parse=42us context=200us db-open=1235us db-append=1713us handler=228us
2026-09-13T07:35:00Z DEBUG hook user-prompt-submit - 6477 us stdin=26us parse=31us context=187us db-open=5850us db-append=162us handler=216us
2026-09-13T07:35:00Z DEBUG reduce - processed 2 spool 0
2026-09-13T07:35:00Z DEBUG reduce - 40485 us stdin=59us
2026-09-13T07:35:05Z DEBUG hook pre-tool-use - 4618 us stdin=27us parse=32us context=204us db-open=1740us db-append=1600us handler=1010us
2026-09-13T07:35:06Z DEBUG hook post-tool-use-failure - 3985 us stdin=55us parse=30us context=214us db-open=1350us db-append=1264us handler=1069us
2026-09-13T07:35:06Z DEBUG reduce - processed 2 spool 0
2026-09-13T07:35:06Z DEBUG reduce - 11387 us stdin=5761us
2026-09-13T07:35:10Z DEBUG hook stop - 3930 us stdin=31us parse=30us context=198us db-open=1232us db-append=1234us handler=1197us
2026-09-13T07:35:10Z DEBUG reduce - processed 1 spool 0
2026-09-13T07:35:10Z DEBUG reduce - 5697 us stdin=66us
2026-09-13T07:35:10Z DEBUG hook user-prompt-submit - 5175 us stdin=30us parse=27us context=196us db-open=1452us db-append=1388us handler=2074us
2026-09-13T07:35:13Z DEBUG hook post-tool-use - 19893 us stdin=31us parse=35us context=211us db-open=1126us db-append=17146us handler=1341us
2026-09-13T07:35:13Z DEBUG reduce - processed 2 spool 0
2026-09-13T07:35:13Z DEBUG reduce - 6021 us stdin=42us
2026-09-13T07:35:20Z DEBUG hook stop - 2588 us stdin=59us parse=27us context=204us db-open=1215us db-append=857us handler=220us
2026-09-13T07:35:20Z DEBUG reduce - processed 1 spool 0
2026-09-13T07:35:20Z DEBUG reduce - 19450 us stdin=53us
2026-09-13T07:35:20Z DEBUG hook user-prompt-submit - 3771 us stdin=19us parse=26us context=185us db-open=1426us db-append=901us handler=1207us
2026-09-13T07:35:24Z DEBUG hook pre-tool-use - 271 us stdin=25us parse=24us context=185us handler=34us
2026-09-13T07:35:24Z DEBUG hook post-tool-use - 5115 us stdin=31us parse=31us context=158us db-open=2229us db-append=976us handler=1685us
2026-09-13T07:35:24Z DEBUG reduce - processed 2 spool 0
2026-09-13T07:35:24Z DEBUG reduce - 4095 us stdin=36us
2026-09-13T07:35:29Z DEBUG reduce - processed 0 spool 0
2026-09-13T07:35:29Z DEBUG reduce - 20738 us stdin=44us
2026-09-13T07:35:29Z DEBUG hook stop - 24157 us stdin=47us parse=25us context=187us db-open=1431us db-append=20360us handler=2101us
2026-09-13T07:35:29Z DEBUG hook user-prompt-submit - 5543 us stdin=23us parse=22us context=197us db-open=1639us db-append=1888us handler=1766us
2026-09-13T07:35:34Z DEBUG hook post-tool-use - 4659 us stdin=53us parse=31us context=193us db-open=1331us db-append=1711us handler=1337us
2026-09-13T07:35:34Z DEBUG reduce - processed 3 spool 0
2026-09-13T07:35:34Z DEBUG reduce - 43878 us stdin=34943us
2026-09-13T07:35:39Z DEBUG hook pre-tool-use - 275 us stdin=28us parse=24us context=192us handler=28us
2026-09-13T07:35:39Z DEBUG hook post-tool-use - 4440 us stdin=25us parse=26us context=142us db-open=1453us db-append=1042us handler=1748us
2026-09-13T07:35:39Z DEBUG reduce - processed 1 spool 0
2026-09-13T07:35:39Z DEBUG reduce - 46973 us stdin=31679us
2026-09-13T07:35:48Z DEBUG hook post-tool-use - 20576 us stdin=59us parse=33us context=198us db-open=1385us db-append=17138us handler=1760us
2026-09-13T07:35:49Z DEBUG hook post-tool-use - 5019 us stdin=39us parse=37us context=190us db-open=1900us db-append=1389us handler=1456us
2026-09-13T07:35:49Z DEBUG reduce - processed 2 spool 0
2026-09-13T07:35:49Z DEBUG reduce - 4798 us stdin=42us
2026-09-13T07:35:55Z DEBUG hook post-tool-use - 20665 us stdin=45us parse=36us context=213us db-open=1353us db-append=16942us handler=2072us
2026-09-13T07:35:55Z DEBUG reduce - processed 1 spool 0
2026-09-13T07:35:55Z DEBUG reduce - 32671 us stdin=26374us
2026-09-13T07:36:03Z DEBUG hook stop - 19962 us stdin=32us parse=37us context=211us db-open=1339us db-append=18056us handler=281us
2026-09-13T07:36:03Z DEBUG reduce - processed 1 spool 0
2026-09-13T07:36:03Z DEBUG reduce - 52003 us stdin=24us
2026-09-13T07:36:03Z DEBUG hook user-prompt-submit - 4227 us stdin=36us parse=20us context=225us db-open=1873us db-append=915us handler=1151us
2026-09-13T07:36:07Z DEBUG hook post-tool-use - 5062 us stdin=26us parse=25us context=207us db-open=1536us db-append=1848us handler=1417us
2026-09-13T07:36:07Z DEBUG reduce - processed 2 spool 0
2026-09-13T07:36:07Z DEBUG reduce - 8382 us stdin=31us
2026-09-13T07:36:10Z DEBUG hook post-tool-use - 4961 us stdin=29us parse=32us context=264us db-open=2161us db-append=1126us handler=1347us
2026-09-13T07:36:10Z DEBUG reduce - processed 1 spool 0
2026-09-13T07:36:10Z DEBUG reduce - 3846 us stdin=30us
2026-09-13T07:36:15Z DEBUG hook post-tool-use - 22155 us stdin=35us parse=30us context=189us db-open=1185us db-append=18696us handler=2015us
2026-09-13T07:36:15Z DEBUG reduce - processed 1 spool 0
2026-09-13T07:36:15Z DEBUG reduce - 4497 us stdin=123us
2026-09-13T07:36:20Z DEBUG hook post-tool-use - 7599 us stdin=92us parse=50us context=379us db-open=3016us db-append=2342us handler=1715us
2026-09-13T07:36:20Z DEBUG reduce - processed 1 spool 0
2026-09-13T07:36:20Z DEBUG reduce - 34433 us stdin=28141us
2026-09-13T07:36:27Z DEBUG hook stop - 3144 us stdin=28us parse=29us context=304us db-open=1374us db-append=1178us handler=225us
2026-09-13T07:36:27Z DEBUG reduce - processed 1 spool 0
2026-09-13T07:36:27Z DEBUG reduce - 10584 us stdin=23us
2026-09-13T07:36:27Z DEBUG hook user-prompt-submit - 5145 us stdin=28us parse=22us context=226us db-open=1753us db-append=1561us handler=1549us
2026-09-13T07:36:32Z DEBUG hook post-tool-use - 20113 us stdin=89us parse=27us context=221us db-open=1552us db-append=16819us handler=1400us
2026-09-13T07:36:32Z DEBUG reduce - processed 2 spool 0
2026-09-13T07:36:32Z DEBUG reduce - 37717 us stdin=31535us
2026-09-13T07:36:35Z DEBUG hook post-tool-use - 4197 us stdin=31us parse=33us context=191us db-open=1403us db-append=1123us handler=1412us
2026-09-13T07:36:35Z DEBUG reduce - processed 1 spool 0
2026-09-13T07:36:35Z DEBUG reduce - 4252 us stdin=32us
2026-09-13T07:36:42Z DEBUG reduce - processed 0 spool 0
2026-09-13T07:36:42Z DEBUG reduce - 2073 us stdin=74us
2026-09-13T07:36:42Z DEBUG hook stop - 36193 us stdin=40us parse=25us context=254us db-open=16532us db-append=17635us handler=1696us
2026-09-13T07:36:42Z DEBUG hook user-prompt-submit - 4116 us stdin=29us parse=25us context=206us db-open=1532us db-append=1037us handler=1280us
2026-09-13T07:36:46Z DEBUG hook post-tool-use - 3916 us stdin=28us parse=29us context=197us db-open=1568us db-append=1061us handler=1029us
2026-09-13T07:36:46Z DEBUG reduce - processed 3 spool 0
2026-09-13T07:36:46Z DEBUG reduce - 4552 us stdin=25us
2026-09-13T07:36:49Z DEBUG hook post-tool-use - 24953 us stdin=25us parse=29us context=208us db-open=1629us db-append=21025us handler=2034us
2026-09-13T07:36:49Z DEBUG reduce - processed 1 spool 0
2026-09-13T07:36:49Z DEBUG reduce - 4740 us stdin=26us
2026-09-13T07:36:53Z DEBUG hook post-tool-use - 21015 us stdin=44us parse=34us context=179us db-open=1209us db-append=17928us handler=1616us
2026-09-13T07:36:53Z DEBUG reduce - processed 1 spool 0
2026-09-13T07:36:53Z DEBUG reduce - 5327 us stdin=29us
2026-09-13T07:36:57Z DEBUG hook post-tool-use - 23753 us stdin=57us parse=29us context=213us db-open=1453us db-append=18954us handler=3044us
2026-09-13T07:36:57Z DEBUG reduce - processed 1 spool 0
2026-09-13T07:36:57Z DEBUG reduce - 5194 us stdin=26us
2026-09-13T07:37:03Z DEBUG reduce - processed 0 spool 0
2026-09-13T07:37:03Z DEBUG reduce - 2028 us stdin=26us
2026-09-13T07:37:03Z DEBUG hook stop - 33510 us stdin=35us parse=27us context=279us db-open=14207us db-append=17256us handler=1700us
2026-09-13T07:37:03Z DEBUG hook user-prompt-submit - 4155 us stdin=27us parse=22us context=200us db-open=1357us db-append=1182us handler=1361us
2026-09-13T07:37:07Z DEBUG hook post-tool-use - 21742 us stdin=26us parse=31us context=183us db-open=1553us db-append=17744us handler=2201us
2026-09-13T07:37:07Z DEBUG reduce - processed 3 spool 0
2026-09-13T07:37:07Z DEBUG reduce - 5873 us stdin=27us
2026-09-13T07:37:12Z DEBUG reduce - processed 0 spool 0
2026-09-13T07:37:12Z DEBUG reduce - 2127 us stdin=36us
2026-09-13T07:37:12Z DEBUG hook stop - 3348 us stdin=48us parse=28us context=176us db-open=1111us db-append=872us handler=1107us
2026-09-13T07:37:12Z DEBUG hook user-prompt-submit - 3473 us stdin=25us parse=23us context=195us db-open=1383us db-append=744us handler=1096us
2026-09-13T07:37:16Z DEBUG hook post-tool-use - 19574 us stdin=42us parse=35us context=181us db-open=1395us db-append=16736us handler=1178us
2026-09-13T07:37:16Z DEBUG reduce - processed 3 spool 0
2026-09-13T07:37:16Z DEBUG reduce - 5603 us stdin=48us
2026-09-13T07:37:39Z DEBUG reduce - processed 0 spool 0
2026-09-13T07:37:39Z DEBUG reduce - 1810 us stdin=26us
2026-09-13T07:37:39Z DEBUG hook stop - 17624 us stdin=26us parse=25us context=165us db-open=14864us db-append=1113us handler=1425us
2026-09-13T07:37:39Z DEBUG hook user-prompt-submit - 4353 us stdin=26us parse=24us context=195us db-open=1493us db-append=1055us handler=1553us
2026-09-13T07:37:43Z DEBUG hook post-tool-use - 9150 us stdin=55us parse=87us context=234us db-open=1706us db-append=5859us handler=1205us
2026-09-13T07:37:43Z DEBUG reduce - processed 3 spool 0
2026-09-13T07:37:43Z DEBUG reduce - 5096 us stdin=25us
2026-09-13T07:37:53Z DEBUG hook stop - 20040 us stdin=26us parse=26us context=225us db-open=1278us db-append=18126us handler=352us
2026-09-13T07:37:53Z DEBUG reduce - processed 1 spool 0
2026-09-13T07:37:53Z DEBUG reduce - 47808 us stdin=28us
2026-09-13T07:37:53Z DEBUG hook user-prompt-submit - 5467 us stdin=29us parse=27us context=199us db-open=1802us db-append=1763us handler=1641us
2026-09-13T07:38:03Z DEBUG hook stop - 20116 us stdin=41us parse=26us context=239us db-open=1272us db-append=18196us handler=335us
2026-09-13T07:38:03Z DEBUG reduce - processed 2 spool 0
2026-09-13T07:38:03Z DEBUG reduce - 42743 us stdin=27us
2026-09-13T07:38:03Z DEBUG hook pre-compact - 6257 us stdin=28us parse=25us context=178us db-open=1100us db-append=1508us handler=3412us
2026-09-13T07:38:25Z DEBUG hook session-start - 23462 us stdin=116us parse=26us context=220us db-open=1732us db-append=19362us handler=2000us
2026-09-13T07:38:25Z DEBUG hook post-compact - 18680 us stdin=13488us parse=141us context=232us db-open=2041us db-append=1159us handler=1613us
2026-09-13T07:38:25Z DEBUG hook user-prompt-submit - 5680 us stdin=105us parse=23us context=202us db-open=1327us db-append=2044us handler=1975us
2026-09-13T07:38:33Z DEBUG hook pre-tool-use - 21435 us stdin=84us parse=27us context=197us db-open=1438us db-append=18301us handler=1383us
2026-09-13T07:38:33Z DEBUG hook post-tool-use - 4647 us stdin=179us parse=32us context=213us db-open=1965us db-append=932us handler=1323us
2026-09-13T07:38:33Z DEBUG reduce - processed 5 spool 0
2026-09-13T07:38:33Z DEBUG reduce - 4482 us stdin=26us
2026-09-13T07:38:37Z DEBUG hook post-tool-use - 4264 us stdin=115us parse=32us context=210us db-open=1460us db-append=1263us handler=1181us
2026-09-13T07:38:37Z DEBUG reduce - processed 1 spool 0
2026-09-13T07:38:37Z DEBUG reduce - 29116 us stdin=24613us
2026-09-13T07:38:40Z DEBUG hook stop - 4752 us stdin=51us parse=26us context=193us db-open=1229us db-append=1362us handler=1886us
2026-09-13T07:38:40Z DEBUG reduce - processed 1 spool 0
2026-09-13T07:38:40Z DEBUG reduce - 4900 us stdin=99us
2026-09-13T07:38:40Z DEBUG hook session-end - 6333 us stdin=40us parse=25us context=220us db-open=1274us db-append=2498us handler=2270us
