2026-09-21T11:14:54Z DEBUG hook session-start - 23068 us stdin=32us parse=32us context=148us db-open=21193us db-append=113us handler=1543us
2026-09-21T11:14:55Z DEBUG hook user-prompt-submit - 3842 us stdin=24us parse=33us context=178us db-open=1639us db-append=825us handler=1138us
2026-09-21T11:14:57Z DEBUG hook pre-tool-use - 351 us stdin=28us parse=28us context=273us handler=18us
2026-09-21T11:15:00Z DEBUG hook post-tool-use - 5051 us stdin=27us parse=28us context=154us db-open=1720us db-append=1988us handler=1130us
2026-09-21T11:15:00Z DEBUG reduce - processed 3 spool 0
2026-09-21T11:15:00Z DEBUG reduce - 13387 us stdin=8831us
2026-09-21T11:15:03Z DEBUG hook stop - 20490 us stdin=26us parse=97us context=208us db-open=1923us db-append=18011us handler=220us
2026-09-21T11:15:03Z DEBUG reduce - processed 1 spool 0
2026-09-21T11:15:03Z DEBUG reduce - 39066 us stdin=32us
2026-09-21T11:15:03Z DEBUG hook user-prompt-submit - 3891 us stdin=20us parse=22us context=193us db-open=1430us db-append=1169us handler=1050us
2026-09-21T11:15:05Z DEBUG hook post-tool-use - 20557 us stdin=51us parse=29us context=207us db-open=1235us db-append=17387us handler=1644us
2026-09-21T11:15:06Z DEBUG hook post-tool-use - 5387 us stdin=27us parse=45us context=170us db-open=1569us db-append=2155us handler=1414us
2026-09-21T11:15:07Z DEBUG hook post-tool-use - 20214 us stdin=27us parse=39us context=196us db-open=1310us db-append=17324us handler=1314us
2026-09-21T11:15:07Z DEBUG hook post-tool-use - 18593 us stdin=58us parse=30us context=220us db-open=1241us db-append=16789us handler=251us
2026-09-21T11:15:07Z DEBUG hook post-tool-use - 19912 us stdin=20us parse=18us context=144us db-open=17514us db-append=113us handler=2099us
2026-09-21T11:15:07Z DEBUG reduce - processed 6 spool 0
2026-09-21T11:15:07Z DEBUG reduce - 3920 us stdin=29us
2026-09-21T11:15:13Z DEBUG hook stop - 19550 us stdin=23us parse=31us context=182us db-open=1269us db-append=17780us handler=259us
2026-09-21T11:15:13Z DEBUG reduce - processed 1 spool 0
2026-09-21T11:15:13Z DEBUG reduce - 35102 us stdin=37us
2026-09-21T11:15:13Z DEBUG hook user-prompt-submit - 3701 us stdin=23us parse=29us context=212us db-open=1345us db-append=871us handler=1211us
2026-09-21T11:15:16Z DEBUG hook pre-tool-use - 19607 us stdin=63us parse=25us context=180us db-open=1382us db-append=16759us handler=1192us
2026-09-21T11:15:16Z DEBUG hook post-tool-use - 3955 us stdin=24us parse=28us context=166us db-open=1718us db-append=921us handler=1093us
2026-09-21T11:15:18Z DEBUG hook pre-tool-use - 3768 us stdin=26us parse=27us context=182us db-open=1242us db-append=1332us handler=955us
2026-09-21T11:15:18Z DEBUG hook post-tool-use - 3613 us stdin=25us parse=30us context=177us db-open=1520us db-append=784us handler=1072us
2026-09-21T11:15:18Z DEBUG hook pre-tool-use - 243 us stdin=30us parse=33us context=164us handler=14us
2026-09-21T11:15:19Z DEBUG hook post-tool-use - 4607 us stdin=38us parse=29us context=165us db-open=1812us db-append=1406us handler=1153us
2026-09-21T11:15:19Z DEBUG reduce - processed 6 spool 0
2026-09-21T11:15:19Z DEBUG reduce - 17536 us stdin=12182us
2026-09-21T11:15:26Z DEBUG hook stop - 4128 us stdin=64us parse=25us context=178us db-open=1398us db-append=1217us handler=1241us
2026-09-21T11:15:26Z DEBUG reduce - processed 1 spool 0
2026-09-21T11:15:26Z DEBUG reduce - 9742 us stdin=55us
2026-09-21T11:15:26Z DEBUG hook user-prompt-submit - 4601 us stdin=25us parse=27us context=170us db-open=1427us db-append=1534us handler=1410us
2026-09-21T11:15:28Z DEBUG hook pre-tool-use - 20465 us stdin=26us parse=27us context=215us db-open=1566us db-append=17544us handler=1083us
2026-09-21T11:15:29Z DEBUG hook post-tool-use - 4910 us stdin=27us parse=27us context=183us db-open=1518us db-append=1648us handler=1502us
2026-09-21T11:15:29Z DEBUG reduce - processed 3 spool 0
2026-09-21T11:15:29Z DEBUG reduce - 4615 us stdin=37us
2026-09-21T11:15:32Z DEBUG reduce - processed 0 spool 0
2026-09-21T11:15:32Z DEBUG reduce - 18927 us stdin=173us
2026-09-21T11:15:32Z DEBUG hook stop - 21474 us stdin=36us parse=29us context=224us db-open=1787us db-append=17533us handler=1856us
2026-09-21T11:15:32Z DEBUG hook user-prompt-submit - 4328 us stdin=25us parse=24us context=198us db-open=1433us db-append=956us handler=1685us
2026-09-21T11:15:36Z DEBUG hook pre-tool-use - 19729 us stdin=32us parse=31us context=180us db-open=1638us db-append=16818us handler=1025us
2026-09-21T11:15:36Z DEBUG hook post-tool-use - 3825 us stdin=23us parse=34us context=177us db-open=1608us db-append=948us handler=1031us
2026-09-21T11:15:36Z DEBUG hook pre-tool-use - 264 us stdin=22us parse=25us context=200us handler=14us
2026-09-21T11:15:37Z DEBUG hook post-tool-use - 20362 us stdin=42us parse=24us context=151us db-open=1410us db-append=17565us handler=1166us
2026-09-21T11:15:37Z DEBUG reduce - processed 5 spool 0
2026-09-21T11:15:37Z DEBUG reduce - 4967 us stdin=174us
2026-09-21T11:15:42Z DEBUG reduce - processed 0 spool 0
2026-09-21T11:15:42Z DEBUG reduce - 18214 us stdin=22us
2026-09-21T11:15:42Z DEBUG hook stop - 20854 us stdin=41us parse=25us context=192us db-open=1340us db-append=17789us handler=1462us
2026-09-21T11:15:42Z DEBUG hook user-prompt-submit - 3893 us stdin=65us parse=24us context=195us db-open=1503us db-append=898us handler=1201us
2026-09-21T11:15:44Z DEBUG hook pre-tool-use - 19913 us stdin=26us parse=28us context=177us db-open=1446us db-append=17107us handler=1125us
2026-09-21T11:15:45Z DEBUG hook post-tool-use - 4315 us stdin=69us parse=27us context=177us db-open=1489us db-append=1492us handler=1057us
2026-09-21T11:15:45Z DEBUG reduce - processed 4 spool 0
2026-09-21T11:15:45Z DEBUG reduce - 5742 us stdin=26us
2026-09-21T11:15:49Z DEBUG reduce - processed 0 spool 0
2026-09-21T11:15:49Z DEBUG reduce - 2327 us stdin=28us
2026-09-21T11:15:49Z DEBUG hook stop - 17100 us stdin=24us parse=29us context=444us db-open=13480us db-append=1560us handler=1557us
2026-09-21T11:15:49Z DEBUG hook user-prompt-submit - 3859 us stdin=30us parse=28us context=201us db-open=1546us db-append=945us handler=1100us
2026-09-21T11:15:52Z DEBUG hook post-tool-use - 22301 us stdin=23us parse=28us context=230us db-open=1500us db-append=18800us handler=1716us
2026-09-21T11:15:52Z DEBUG reduce - processed 3 spool 0
2026-09-21T11:15:52Z DEBUG reduce - 4371 us stdin=61us
2026-09-21T11:16:05Z DEBUG hook stop - 4050 us stdin=62us parse=27us context=194us db-open=1248us db-append=1016us handler=1497us
2026-09-21T11:16:05Z DEBUG reduce - processed 1 spool 0
2026-09-21T11:16:05Z DEBUG reduce - 4243 us stdin=23us
2026-09-21T11:16:05Z DEBUG hook user-prompt-submit - 3839 us stdin=58us parse=31us context=196us db-open=1748us db-append=754us handler=1046us
2026-09-21T11:16:07Z DEBUG hook post-tool-use - 5265 us stdin=24us parse=28us context=235us db-open=1578us db-append=2357us handler=1040us
2026-09-21T11:16:07Z DEBUG reduce - processed 2 spool 0
2026-09-21T11:16:07Z DEBUG reduce - 4388 us stdin=25us
2026-09-21T11:16:11Z DEBUG hook pre-tool-use - 247 us stdin=25us parse=27us context=177us handler=15us
2026-09-21T11:16:11Z DEBUG hook post-tool-use - 5470 us stdin=31us parse=35us context=142us db-open=2214us db-append=1552us handler=1491us
2026-09-21T11:16:12Z DEBUG hook post-tool-use - 19987 us stdin=82us parse=41us context=183us db-open=1448us db-append=16927us handler=1300us
2026-09-21T11:16:12Z DEBUG reduce - processed 2 spool 0
2026-09-21T11:16:12Z DEBUG reduce - 4751 us stdin=35us
2026-09-21T11:16:20Z DEBUG hook pre-tool-use - 246 us stdin=24us parse=27us context=173us handler=19us
2026-09-21T11:16:20Z DEBUG hook post-tool-use - 23894 us stdin=78us parse=29us context=163us db-open=2784us db-append=19108us handler=1729us
2026-09-21T11:16:20Z DEBUG reduce - processed 1 spool 0
2026-09-21T11:16:20Z DEBUG reduce - 6383 us stdin=34us
2026-09-21T11:16:30Z DEBUG hook stop - 21667 us stdin=56us parse=26us context=178us db-open=1550us db-append=19603us handler=248us
2026-09-21T11:16:30Z DEBUG reduce - processed 1 spool 0
2026-09-21T11:16:30Z DEBUG reduce - 46337 us stdin=22us
2026-09-21T11:16:30Z DEBUG hook user-prompt-submit - 4904 us stdin=21us parse=25us context=164us db-open=2739us db-append=804us handler=1144us
2026-09-21T11:16:32Z DEBUG hook post-tool-use - 21779 us stdin=21us parse=40us context=183us db-open=1461us db-append=18250us handler=1820us
2026-09-21T11:16:32Z DEBUG reduce - processed 2 spool 0
2026-09-21T11:16:32Z DEBUG reduce - 4516 us stdin=31us
2026-09-21T11:16:38Z DEBUG hook pre-tool-use - 251 us stdin=23us parse=25us context=184us handler=15us
2026-09-21T11:16:38Z DEBUG hook post-tool-use - 4809 us stdin=29us parse=29us context=138us db-open=2199us db-append=1157us handler=1253us
2026-09-21T11:16:38Z DEBUG reduce - processed 1 spool 0
2026-09-21T11:16:38Z DEBUG reduce - 4342 us stdin=29us
2026-09-21T11:16:42Z DEBUG hook pre-tool-use - 245 us stdin=23us parse=26us context=178us handler=16us
2026-09-21T11:16:42Z DEBUG hook post-tool-use - 21095 us stdin=26us parse=40us context=157us db-open=2292us db-append=17291us handler=1284us
2026-09-21T11:16:42Z DEBUG reduce - processed 1 spool 0
2026-09-21T11:16:42Z DEBUG reduce - 3740 us stdin=25us
2026-09-21T11:16:51Z DEBUG reduce - processed 0 spool 0
2026-09-21T11:16:51Z DEBUG reduce - 2042 us stdin=25us
2026-09-21T11:16:52Z DEBUG hook user-prompt-submit - 22230 us stdin=18us parse=20us context=187us db-open=1250us db-append=18770us handler=1977us
2026-09-21T11:16:54Z DEBUG hook post-tool-use - 21629 us stdin=22us parse=27us context=206us db-open=1502us db-append=18166us handler=1701us
2026-09-21T11:16:54Z DEBUG reduce - processed 2 spool 0
2026-09-21T11:16:54Z DEBUG reduce - 4812 us stdin=23us
2026-09-21T11:16:57Z DEBUG hook pre-tool-use - 268 us stdin=23us parse=26us context=199us handler=17us
2026-09-21T11:16:58Z DEBUG hook post-tool-use - 4077 us stdin=31us parse=38us context=147us db-open=1562us db-append=1116us handler=1179us
2026-09-21T11:16:58Z DEBUG reduce - processed 1 spool 0
2026-09-21T11:16:58Z DEBUG reduce - 4160 us stdin=31us
2026-09-21T11:17:06Z DEBUG hook stop - 19903 us stdin=26us parse=32us context=187us db-open=1633us db-append=17762us handler=256us
2026-09-21T11:17:06Z DEBUG reduce - processed 1 spool 0
2026-09-21T11:17:06Z DEBUG reduce - 33136 us stdin=27us
2026-09-21T11:17:06Z DEBUG hook user-prompt-submit - 3923 us stdin=27us parse=27us context=186us db-open=1456us db-append=1078us handler=1144us
2026-09-21T11:17:09Z DEBUG hook post-tool-use - 121067 us stdin=24us parse=27us context=169us db-open=1681us db-append=80739us handler=38423us
2026-09-21T11:17:09Z DEBUG reduce - processed 2 spool 0
2026-09-21T11:17:09Z DEBUG reduce - 4430 us stdin=22us
2026-09-21T11:17:11Z DEBUG hook pre-tool-use - 247 us stdin=22us parse=25us context=181us handler=16us
2026-09-21T11:17:11Z DEBUG hook post-tool-use - 5826 us stdin=26us parse=32us context=133us db-open=1444us db-append=2717us handler=1470us
2026-09-21T11:17:11Z DEBUG reduce - processed 1 spool 0
2026-09-21T11:17:11Z DEBUG reduce - 4460 us stdin=25us
2026-09-21T11:17:14Z DEBUG hook pre-tool-use - 259 us stdin=23us parse=25us context=192us handler=15us
2026-09-21T11:17:15Z DEBUG hook post-tool-use - 4812 us stdin=39us parse=32us context=148us db-open=1507us db-append=1830us handler=1253us
2026-09-21T11:17:15Z DEBUG reduce - processed 1 spool 0
2026-09-21T11:17:15Z DEBUG reduce - 4605 us stdin=28us
2026-09-21T11:17:23Z DEBUG hook stop - 10274 us stdin=25us parse=24us context=193us db-open=1218us db-append=8537us handler=272us
2026-09-21T11:17:23Z DEBUG reduce - processed 1 spool 0
2026-09-21T11:17:23Z DEBUG reduce - 31993 us stdin=21us
2026-09-21T11:17:23Z DEBUG hook user-prompt-submit - 4083 us stdin=54us parse=25us context=171us db-open=1863us db-append=818us handler=1146us
2026-09-21T11:17:27Z DEBUG hook pre-tool-use - 249 us stdin=23us parse=25us context=183us handler=16us
2026-09-21T11:17:27Z DEBUG hook post-tool-use - 20493 us stdin=22us parse=32us context=132us db-open=1463us db-append=17659us handler=1181us
2026-09-21T11:17:27Z DEBUG reduce - processed 2 spool 0
2026-09-21T11:17:27Z DEBUG reduce - 4668 us stdin=23us
2026-09-21T11:17:36Z DEBUG reduce - processed 0 spool 0
2026-09-21T11:17:36Z DEBUG reduce - 3075 us stdin=22us
2026-09-21T11:17:36Z DEBUG hook stop - 17244 us stdin=44us parse=27us context=246us db-open=14026us db-append=1182us handler=1711us
2026-09-21T11:17:36Z DEBUG hook user-prompt-submit - 4984 us stdin=74us parse=29us context=280us db-open=1557us db-append=1455us handler=1580us
2026-09-21T11:17:39Z DEBUG hook post-tool-use - 19589 us stdin=42us parse=38us context=185us db-open=1296us db-append=16859us handler=1160us
2026-09-21T11:17:39Z DEBUG reduce - processed 3 spool 0
2026-09-21T11:17:39Z DEBUG reduce - 12265 us stdin=7678us
2026-09-21T11:17:52Z DEBUG hook stop - 20246 us stdin=52us parse=25us context=185us db-open=1479us db-append=18211us handler=287us
2026-09-21T11:17:52Z DEBUG reduce - processed 1 spool 0
2026-09-21T11:17:52Z DEBUG reduce - 34477 us stdin=39us
2026-09-21T11:17:52Z DEBUG hook user-prompt-submit - 5063 us stdin=18us parse=23us context=191us db-open=1981us db-append=1455us handler=1387us
2026-09-21T11:17:57Z DEBUG hook pre-tool-use - 289 us stdin=50us parse=25us context=190us handler=22us
2026-09-21T11:17:58Z DEBUG hook post-tool-use - 3944 us stdin=23us parse=28us context=148us db-open=1536us db-append=1061us handler=1143us
2026-09-21T11:17:59Z DEBUG hook post-tool-use - 21048 us stdin=38us parse=32us context=207us db-open=1257us db-append=17201us handler=2309us
2026-09-21T11:17:59Z DEBUG reduce - processed 3 spool 0
2026-09-21T11:17:59Z DEBUG reduce - 6439 us stdin=1577us
2026-09-21T11:18:06Z DEBUG hook pre-tool-use - 287 us stdin=24us parse=32us context=204us handler=24us
2026-09-21T11:18:06Z DEBUG hook post-tool-use - 4983 us stdin=25us parse=31us context=138us db-open=1678us db-append=2032us handler=1076us
2026-09-21T11:18:06Z DEBUG reduce - processed 1 spool 0
2026-09-21T11:18:06Z DEBUG reduce - 4780 us stdin=803us
2026-09-21T11:18:17Z DEBUG reduce - processed 0 spool 0
2026-09-21T11:18:17Z DEBUG reduce - 2352 us stdin=23us
2026-09-21T11:18:17Z DEBUG hook stop - 14042 us stdin=68us parse=36us context=197us db-open=11472us db-append=1175us handler=1089us
2026-09-21T11:18:17Z DEBUG hook user-prompt-submit - 4500 us stdin=65us parse=24us context=174us db-open=1547us db-append=1488us handler=1195us
2026-09-21T11:18:27Z DEBUG reduce - processed 2 spool 0
2026-09-21T11:18:27Z DEBUG reduce - 4900 us stdin=87us
2026-09-21T11:18:27Z DEBUG hook stop - 11664 us stdin=27us parse=32us context=208us db-open=9765us db-append=142us handler=1482us
2026-09-21T11:18:27Z DEBUG hook pre-compact - 7062 us stdin=25us parse=34us context=183us db-open=1359us db-append=855us handler=4599us
2026-09-21T11:19:18Z DEBUG hook session-start - 4973 us stdin=52us parse=22us context=194us db-open=1460us db-append=1280us handler=1958us
2026-09-21T11:19:18Z DEBUG hook post-compact - 4944 us stdin=39us parse=59us context=179us db-open=2160us db-append=848us handler=1648us
2026-09-21T11:19:18Z DEBUG hook user-prompt-submit - 4171 us stdin=59us parse=24us context=220us db-open=1703us db-append=907us handler=1251us
2026-09-21T11:19:25Z DEBUG hook pre-tool-use - 20248 us stdin=24us parse=27us context=179us db-open=1434us db-append=17362us handler=1217us
2026-09-21T11:19:25Z DEBUG hook post-tool-use - 4062 us stdin=24us parse=32us context=175us db-open=1473us db-append=880us handler=1475us
2026-09-21T11:19:26Z DEBUG hook pre-tool-use - 335 us stdin=78us parse=26us context=214us handler=14us
2026-09-21T11:19:29Z DEBUG hook post-tool-use - 3962 us stdin=22us parse=28us context=146us db-open=1512us db-append=1131us handler=1119us
2026-09-21T11:19:29Z DEBUG reduce - processed 6 spool 0
2026-09-21T11:19:29Z DEBUG reduce - 5620 us stdin=1014us
2026-09-21T11:19:34Z DEBUG hook stop - 3645 us stdin=64us parse=25us context=222us db-open=1410us db-append=1712us handler=207us
2026-09-21T11:19:34Z DEBUG reduce - processed 1 spool 0
2026-09-21T11:19:34Z DEBUG reduce - 22693 us stdin=40us
