2026-09-16T07:05:49Z DEBUG hook session-start - 9538 us stdin=34us parse=35us context=158us db-open=6341us db-append=111us handler=2846us
2026-09-16T07:05:49Z DEBUG hook user-prompt-submit - 3724 us stdin=32us parse=22us context=135us db-open=1727us db-append=807us handler=996us
2026-09-16T07:05:51Z DEBUG hook pre-tool-use - 284 us stdin=27us parse=25us context=200us handler=29us
2026-09-16T07:05:54Z DEBUG hook post-tool-use-failure - 3815 us stdin=29us parse=38us context=129us db-open=1352us db-append=1261us handler=1000us
2026-09-16T07:05:54Z DEBUG reduce - processed 3 spool 0
2026-09-16T07:05:54Z DEBUG reduce - 4476 us stdin=33us
2026-09-16T07:05:55Z DEBUG hook stop - 19972 us stdin=39us parse=26us context=170us db-open=1172us db-append=18310us handler=247us
2026-09-16T07:05:56Z DEBUG reduce - processed 1 spool 0
2026-09-16T07:05:56Z DEBUG reduce - 47118 us stdin=26us
2026-09-16T07:05:56Z DEBUG hook user-prompt-submit - 5124 us stdin=85us parse=41us context=252us db-open=1977us db-append=996us handler=1766us
2026-09-16T07:05:57Z DEBUG hook post-tool-use - 21408 us stdin=35us parse=37us context=212us db-open=1201us db-append=17640us handler=2277us
2026-09-16T07:05:58Z DEBUG hook post-tool-use - 21304 us stdin=27us parse=30us context=173us db-open=1227us db-append=17975us handler=1866us
2026-09-16T07:05:59Z DEBUG hook post-tool-use - 20407 us stdin=27us parse=30us context=176us db-open=1260us db-append=17555us handler=1354us
2026-09-16T07:05:59Z DEBUG reduce - processed 4 spool 0
2026-09-16T07:05:59Z DEBUG reduce - 3908 us stdin=49us
2026-09-16T07:06:03Z DEBUG hook stop - 5424 us stdin=35us parse=25us context=178us db-open=1236us db-append=3732us handler=212us
2026-09-16T07:06:03Z DEBUG reduce - processed 1 spool 0
2026-09-16T07:06:03Z DEBUG reduce - 34010 us stdin=24us
2026-09-16T07:06:03Z DEBUG hook user-prompt-submit - 18603 us stdin=22us parse=32us context=139us db-open=16250us db-append=933us handler=1222us
2026-09-16T07:06:06Z DEBUG hook pre-tool-use - 21373 us stdin=28us parse=44us context=171us db-open=1477us db-append=18274us handler=1373us
2026-09-16T07:06:06Z DEBUG hook post-tool-use - 4478 us stdin=28us parse=30us context=185us db-open=1587us db-append=999us handler=1644us
2026-09-16T07:06:06Z DEBUG reduce - processed 3 spool 0
2026-09-16T07:06:06Z DEBUG reduce - 4845 us stdin=29us
2026-09-16T07:06:09Z DEBUG hook pre-tool-use - 21940 us stdin=27us parse=27us context=211us db-open=1463us db-append=18319us handler=1887us
2026-09-16T07:06:09Z DEBUG hook post-tool-use - 3950 us stdin=32us parse=43us context=184us db-open=1391us db-append=775us handler=1519us
2026-09-16T07:06:09Z DEBUG reduce - processed 2 spool 0
2026-09-16T07:06:09Z DEBUG reduce - 5572 us stdin=28us
2026-09-16T07:06:12Z DEBUG hook pre-tool-use - 254 us stdin=25us parse=27us context=182us handler=16us
2026-09-16T07:06:13Z DEBUG hook post-tool-use-failure - 3312 us stdin=31us parse=35us context=132us db-open=1378us db-append=758us handler=974us
2026-09-16T07:06:13Z DEBUG reduce - processed 1 spool 0
2026-09-16T07:06:13Z DEBUG reduce - 4279 us stdin=47us
2026-09-16T07:06:18Z DEBUG hook stop - 20908 us stdin=29us parse=38us context=201us db-open=1248us db-append=19142us handler=240us
2026-09-16T07:06:18Z DEBUG reduce - processed 1 spool 0
2026-09-16T07:06:18Z DEBUG reduce - 51746 us stdin=25us
2026-09-16T07:06:18Z DEBUG hook user-prompt-submit - 4013 us stdin=21us parse=22us context=173us db-open=1300us db-append=1065us handler=1428us
2026-09-16T07:06:21Z DEBUG hook pre-tool-use - 321 us stdin=30us parse=26us context=230us handler=32us
2026-09-16T07:06:21Z DEBUG hook post-tool-use - 5190 us stdin=29us parse=30us context=135us db-open=1424us db-append=1577us handler=1989us
2026-09-16T07:06:21Z DEBUG reduce - processed 2 spool 0
2026-09-16T07:06:21Z DEBUG reduce - 5047 us stdin=31us
2026-09-16T07:06:23Z DEBUG hook pre-tool-use - 22107 us stdin=39us parse=32us context=193us db-open=1593us db-append=18171us handler=2074us
2026-09-16T07:06:24Z DEBUG hook post-tool-use-failure - 4518 us stdin=29us parse=38us context=174us db-open=1446us db-append=1754us handler=1072us
2026-09-16T07:06:24Z DEBUG reduce - processed 2 spool 0
2026-09-16T07:06:24Z DEBUG reduce - 5729 us stdin=55us
2026-09-16T07:06:26Z DEBUG hook stop - 20326 us stdin=27us parse=25us context=167us db-open=1307us db-append=18449us handler=344us
2026-09-16T07:06:26Z DEBUG reduce - processed 1 spool 0
2026-09-16T07:06:26Z DEBUG reduce - 48762 us stdin=30us
2026-09-16T07:06:26Z DEBUG hook user-prompt-submit - 18568 us stdin=33us parse=46us context=208us db-open=15049us db-append=1695us handler=1531us
2026-09-16T07:06:30Z DEBUG hook post-tool-use - 20618 us stdin=31us parse=40us context=198us db-open=1197us db-append=17582us handler=1563us
2026-09-16T07:06:30Z DEBUG reduce - processed 2 spool 0
2026-09-16T07:06:30Z DEBUG reduce - 4906 us stdin=47us
2026-09-16T07:06:32Z DEBUG hook pre-tool-use - 23664 us stdin=29us parse=26us context=218us db-open=1486us db-append=19603us handler=2295us
2026-09-16T07:06:32Z DEBUG hook post-tool-use - 3883 us stdin=56us parse=31us context=163us db-open=1541us db-append=1004us handler=1077us
2026-09-16T07:06:32Z DEBUG reduce - processed 2 spool 0
2026-09-16T07:06:32Z DEBUG reduce - 5166 us stdin=29us
2026-09-16T07:06:33Z DEBUG hook pre-tool-use - 250 us stdin=32us parse=29us context=166us handler=18us
2026-09-16T07:06:34Z DEBUG hook post-tool-use-failure - 3459 us stdin=28us parse=33us context=136us db-open=1357us db-append=831us handler=1069us
2026-09-16T07:06:34Z DEBUG reduce - processed 1 spool 0
2026-09-16T07:06:34Z DEBUG reduce - 4121 us stdin=27us
2026-09-16T07:06:37Z DEBUG reduce - processed 0 spool 0
2026-09-16T07:06:37Z DEBUG reduce - 1942 us stdin=33us
2026-09-16T07:06:37Z DEBUG hook stop - 19933 us stdin=58us parse=24us context=131us db-open=17788us db-append=863us handler=1062us
2026-09-16T07:06:37Z DEBUG hook user-prompt-submit - 3879 us stdin=32us parse=41us context=214us db-open=1572us db-append=891us handler=1124us
2026-09-16T07:06:42Z DEBUG hook pre-tool-use - 347 us stdin=32us parse=49us context=225us handler=37us
2026-09-16T07:06:42Z DEBUG hook post-tool-use - 4469 us stdin=32us parse=29us context=144us db-open=1386us db-append=1482us handler=1392us
2026-09-16T07:06:42Z DEBUG reduce - processed 3 spool 0
2026-09-16T07:06:42Z DEBUG reduce - 5831 us stdin=27us
2026-09-16T07:06:47Z DEBUG reduce - processed 0 spool 0
2026-09-16T07:06:47Z DEBUG reduce - 1742 us stdin=89us
2026-09-16T07:06:47Z DEBUG hook stop - 10855 us stdin=40us parse=26us context=193us db-open=3473us db-append=5650us handler=1466us
2026-09-16T07:06:47Z DEBUG hook user-prompt-submit - 4065 us stdin=30us parse=38us context=179us db-open=1434us db-append=1101us handler=1278us
2026-09-16T07:06:49Z DEBUG hook post-tool-use - 5452 us stdin=26us parse=29us context=180us db-open=1343us db-append=2082us handler=1787us
2026-09-16T07:06:49Z DEBUG reduce - processed 3 spool 0
2026-09-16T07:06:49Z DEBUG reduce - 22543 us stdin=29us
2026-09-16T07:06:55Z DEBUG reduce - processed 0 spool 0
2026-09-16T07:06:55Z DEBUG reduce - 2002 us stdin=39us
2026-09-16T07:06:55Z DEBUG hook stop - 5613 us stdin=33us parse=27us context=195us db-open=2935us db-append=1188us handler=1228us
2026-09-16T07:06:55Z DEBUG hook user-prompt-submit - 3846 us stdin=42us parse=29us context=212us db-open=1393us db-append=1019us handler=1147us
2026-09-16T07:06:57Z DEBUG hook post-tool-use - 4489 us stdin=26us parse=28us context=176us db-open=1359us db-append=1389us handler=1505us
2026-09-16T07:06:57Z DEBUG reduce - processed 3 spool 0
2026-09-16T07:06:57Z DEBUG reduce - 4616 us stdin=50us
2026-09-16T07:07:01Z DEBUG hook post-tool-use - 20935 us stdin=45us parse=40us context=188us db-open=1407us db-append=17771us handler=1475us
2026-09-16T07:07:01Z DEBUG reduce - processed 1 spool 0
2026-09-16T07:07:01Z DEBUG reduce - 4278 us stdin=28us
2026-09-16T07:07:04Z DEBUG hook post-tool-use - 4327 us stdin=38us parse=33us context=197us db-open=1299us db-append=1356us handler=1395us
2026-09-16T07:07:04Z DEBUG reduce - processed 1 spool 0
2026-09-16T07:07:04Z DEBUG reduce - 4044 us stdin=39us
2026-09-16T07:07:19Z DEBUG hook stop - 14160 us stdin=38us parse=32us context=193us db-open=12485us db-append=1185us handler=222us
2026-09-16T07:07:19Z DEBUG reduce - processed 1 spool 0
2026-09-16T07:07:19Z DEBUG reduce - 19011 us stdin=34us
2026-09-16T07:07:19Z DEBUG hook user-prompt-submit - 4968 us stdin=27us parse=28us context=316us db-open=2246us db-append=908us handler=1437us
2026-09-16T07:07:22Z DEBUG hook post-tool-use - 5161 us stdin=29us parse=28us context=173us db-open=1354us db-append=1748us handler=1824us
2026-09-16T07:07:22Z DEBUG reduce - processed 2 spool 0
2026-09-16T07:07:22Z DEBUG reduce - 4326 us stdin=63us
2026-09-16T07:07:24Z DEBUG hook post-tool-use - 22180 us stdin=35us parse=32us context=185us db-open=1212us db-append=18731us handler=1980us
2026-09-16T07:07:24Z DEBUG reduce - processed 1 spool 0
2026-09-16T07:07:24Z DEBUG reduce - 4252 us stdin=63us
2026-09-16T07:07:26Z DEBUG hook post-tool-use - 22447 us stdin=32us parse=35us context=167us db-open=2100us db-append=18785us handler=1322us
2026-09-16T07:07:26Z DEBUG reduce - processed 1 spool 0
2026-09-16T07:07:26Z DEBUG reduce - 4075 us stdin=39us
2026-09-16T07:07:34Z DEBUG reduce - processed 0 spool 0
2026-09-16T07:07:34Z DEBUG reduce - 19042 us stdin=28us
2026-09-16T07:07:34Z DEBUG hook stop - 22260 us stdin=159us parse=33us context=205us db-open=1477us db-append=18739us handler=1641us
2026-09-16T07:07:34Z DEBUG hook user-prompt-submit - 5504 us stdin=34us parse=30us context=195us db-open=1720us db-append=1297us handler=2220us
2026-09-16T07:07:41Z DEBUG hook post-tool-use - 21922 us stdin=27us parse=29us context=186us db-open=1553us db-append=17985us handler=2137us
2026-09-16T07:07:41Z DEBUG reduce - processed 3 spool 0
2026-09-16T07:07:41Z DEBUG reduce - 5105 us stdin=27us
2026-09-16T07:07:44Z DEBUG hook post-tool-use - 3855 us stdin=30us parse=38us context=212us db-open=1169us db-append=1266us handler=1134us
2026-09-16T07:07:46Z DEBUG hook post-tool-use - 3296 us stdin=38us parse=15us context=148us db-open=890us db-append=1189us handler=1012us
2026-09-16T07:07:46Z DEBUG reduce - processed 2 spool 0
2026-09-16T07:07:46Z DEBUG reduce - 5819 us stdin=35us
2026-09-16T07:07:49Z DEBUG hook post-tool-use - 20345 us stdin=29us parse=31us context=172us db-open=1446us db-append=17254us handler=1408us
2026-09-16T07:07:49Z DEBUG reduce - processed 1 spool 0
2026-09-16T07:07:49Z DEBUG reduce - 4878 us stdin=29us
2026-09-16T07:07:55Z DEBUG reduce - processed 0 spool 0
2026-09-16T07:07:55Z DEBUG reduce - 2034 us stdin=28us
2026-09-16T07:07:56Z DEBUG hook user-prompt-submit - 4963 us stdin=28us parse=24us context=178us db-open=1642us db-append=1830us handler=1255us
2026-09-16T07:07:59Z DEBUG hook post-tool-use - 21473 us stdin=30us parse=53us context=172us db-open=1307us db-append=17563us handler=2343us
2026-09-16T07:07:59Z DEBUG reduce - processed 2 spool 0
2026-09-16T07:07:59Z DEBUG reduce - 5598 us stdin=50us
2026-09-16T07:08:01Z DEBUG hook post-tool-use - 6670 us stdin=29us parse=30us context=192us db-open=1417us db-append=3473us handler=1525us
2026-09-16T07:08:01Z DEBUG reduce - processed 1 spool 0
2026-09-16T07:08:01Z DEBUG reduce - 7277 us stdin=84us
2026-09-16T07:08:04Z DEBUG hook post-tool-use - 4915 us stdin=31us parse=31us context=175us db-open=1430us db-append=1552us handler=1691us
2026-09-16T07:08:04Z DEBUG reduce - processed 1 spool 0
2026-09-16T07:08:04Z DEBUG reduce - 4455 us stdin=30us
2026-09-16T07:08:08Z DEBUG reduce - processed 0 spool 0
2026-09-16T07:08:08Z DEBUG reduce - 2466 us stdin=24us
2026-09-16T07:08:08Z DEBUG hook stop - 22077 us stdin=26us parse=31us context=185us db-open=18172us db-append=2189us handler=1466us
2026-09-16T07:08:08Z DEBUG hook user-prompt-submit - 4911 us stdin=29us parse=26us context=165us db-open=1562us db-append=1394us handler=1731us
2026-09-16T07:08:11Z DEBUG hook post-tool-use - 6949 us stdin=48us parse=31us context=167us db-open=1770us db-append=2004us handler=2924us
2026-09-16T07:08:11Z DEBUG reduce - processed 3 spool 0
2026-09-16T07:08:11Z DEBUG reduce - 7269 us stdin=31us
2026-09-16T07:08:15Z DEBUG hook stop - 3694 us stdin=30us parse=27us context=172us db-open=1384us db-append=869us handler=1206us
2026-09-16T07:08:15Z DEBUG reduce - processed 1 spool 0
2026-09-16T07:08:15Z DEBUG reduce - 17234 us stdin=44us
2026-09-16T07:08:15Z DEBUG hook user-prompt-submit - 4894 us stdin=28us parse=26us context=214us db-open=1517us db-append=1330us handler=1773us
2026-09-16T07:08:17Z DEBUG hook post-tool-use - 5631 us stdin=56us parse=34us context=190us db-open=1545us db-append=1969us handler=1826us
2026-09-16T07:08:17Z DEBUG reduce - processed 2 spool 0
2026-09-16T07:08:17Z DEBUG reduce - 5512 us stdin=39us
2026-09-16T07:08:31Z DEBUG reduce - processed 0 spool 0
2026-09-16T07:08:31Z DEBUG reduce - 2874 us stdin=39us
2026-09-16T07:08:31Z DEBUG hook stop - 5041 us stdin=36us parse=43us context=207us db-open=1913us db-append=1415us handler=1419us
2026-09-16T07:08:31Z DEBUG hook user-prompt-submit - 5742 us stdin=29us parse=23us context=193us db-open=1698us db-append=1806us handler=1988us
2026-09-16T07:08:33Z DEBUG hook post-tool-use - 5758 us stdin=33us parse=30us context=174us db-open=1669us db-append=2305us handler=1541us
2026-09-16T07:08:33Z DEBUG reduce - processed 3 spool 0
2026-09-16T07:08:33Z DEBUG reduce - 5269 us stdin=30us
2026-09-16T07:08:54Z DEBUG reduce - processed 0 spool 0
2026-09-16T07:08:54Z DEBUG reduce - 2149 us stdin=49us
2026-09-16T07:08:55Z DEBUG hook stop - 20305 us stdin=51us parse=26us context=170us db-open=1053us db-append=17371us handler=1624us
2026-09-16T07:08:55Z DEBUG hook user-prompt-submit - 4742 us stdin=28us parse=22us context=163us db-open=1507us db-append=1399us handler=1617us
2026-09-16T07:09:01Z DEBUG reduce - processed 2 spool 0
2026-09-16T07:09:01Z DEBUG reduce - 19670 us stdin=57us
2026-09-16T07:09:01Z DEBUG hook stop - 36266 us stdin=43us parse=25us context=143us db-open=17345us db-append=16466us handler=2236us
2026-09-16T07:09:01Z DEBUG hook pre-compact - 7105 us stdin=30us parse=26us context=209us db-open=1408us db-append=1377us handler=4048us
2026-09-16T07:09:28Z DEBUG hook session-start - 22403 us stdin=30us parse=29us context=175us db-open=1186us db-append=18384us handler=2594us
2026-09-16T07:09:28Z DEBUG hook post-compact - 6579 us stdin=37us parse=50us context=187us db-open=2207us db-append=1527us handler=2564us
2026-09-16T07:09:28Z DEBUG hook user-prompt-submit - 4475 us stdin=30us parse=28us context=182us db-open=1439us db-append=1030us handler=1760us
2026-09-16T07:09:39Z DEBUG hook pre-tool-use - 22109 us stdin=41us parse=27us context=174us db-open=1256us db-append=19301us handler=1304us
2026-09-16T07:09:39Z DEBUG hook post-tool-use - 4251 us stdin=32us parse=32us context=168us db-open=1507us db-append=1006us handler=1502us
2026-09-16T07:09:39Z DEBUG reduce - processed 5 spool 0
2026-09-16T07:09:39Z DEBUG reduce - 5505 us stdin=29us
2026-09-16T07:09:42Z DEBUG hook pre-tool-use - 250 us stdin=34us parse=24us context=170us handler=18us
2026-09-16T07:09:42Z DEBUG hook post-tool-use - 22033 us stdin=35us parse=28us context=139us db-open=1444us db-append=18234us handler=2148us
2026-09-16T07:09:42Z DEBUG reduce - processed 1 spool 0
2026-09-16T07:09:42Z DEBUG reduce - 5145 us stdin=28us
2026-09-16T07:09:45Z DEBUG hook stop - 20218 us stdin=29us parse=28us context=180us db-open=1565us db-append=18118us handler=291us
2026-09-16T07:09:45Z DEBUG reduce - processed 1 spool 0
2026-09-16T07:09:45Z DEBUG reduce - 44502 us stdin=25us
