2026-09-21T11:55:47Z DEBUG hook session-start - 10032 us stdin=25us parse=24us context=133us db-open=7416us db-append=138us handler=2289us
2026-09-21T11:55:47Z DEBUG hook user-prompt-submit - 3371 us stdin=22us parse=23us context=145us db-open=1309us db-append=838us handler=1027us
2026-09-21T11:55:49Z DEBUG hook pre-tool-use - 274 us stdin=23us parse=25us context=206us handler=15us
2026-09-21T11:55:51Z DEBUG hook post-tool-use - 3482 us stdin=26us parse=28us context=135us db-open=1505us db-append=780us handler=1004us
2026-09-21T11:55:51Z DEBUG hook pre-tool-use - 235 us stdin=22us parse=28us context=167us handler=15us
2026-09-21T11:55:51Z DEBUG hook post-tool-use - 3592 us stdin=34us parse=29us context=139us db-open=1457us db-append=886us handler=1043us
2026-09-21T11:55:51Z DEBUG reduce - processed 4 spool 0
2026-09-21T11:55:51Z DEBUG reduce - 11788 us stdin=7633us
2026-09-21T11:55:54Z DEBUG hook stop - 18810 us stdin=59us parse=25us context=178us db-open=1223us db-append=17057us handler=261us
2026-09-21T11:55:54Z DEBUG reduce - processed 1 spool 0
2026-09-21T11:55:54Z DEBUG reduce - 32100 us stdin=61us
2026-09-21T11:55:54Z DEBUG hook user-prompt-submit - 3860 us stdin=23us parse=23us context=161us db-open=1804us db-append=832us handler=1011us
2026-09-21T11:55:56Z DEBUG hook post-tool-use - 3325 us stdin=24us parse=32us context=192us db-open=1577us db-append=1274us handler=222us
2026-09-21T11:55:56Z DEBUG hook post-tool-use - 17913 us stdin=21us parse=24us context=135us db-open=15305us db-append=153us handler=2259us
2026-09-21T11:55:56Z DEBUG reduce - processed 3 spool 0
2026-09-21T11:55:56Z DEBUG reduce - 4554 us stdin=26us
2026-09-21T11:56:01Z DEBUG reduce - processed 0 spool 0
2026-09-21T11:56:01Z DEBUG reduce - 3048 us stdin=26us
2026-09-21T11:56:01Z DEBUG hook stop - 14815 us stdin=20us parse=26us context=145us db-open=12254us db-append=1125us handler=1238us
2026-09-21T11:56:01Z DEBUG hook user-prompt-submit - 3989 us stdin=26us parse=25us context=194us db-open=1643us db-append=1020us handler=1075us
2026-09-21T11:56:04Z DEBUG hook post-tool-use - 4490 us stdin=25us parse=29us context=221us db-open=1266us db-append=1491us handler=1453us
2026-09-21T11:56:04Z DEBUG hook post-tool-use - 21032 us stdin=98us parse=33us context=232us db-open=1245us db-append=17721us handler=1698us
2026-09-21T11:56:04Z DEBUG reduce - processed 4 spool 0
2026-09-21T11:56:04Z DEBUG reduce - 4798 us stdin=25us
2026-09-21T11:56:12Z DEBUG reduce - processed 0 spool 0
2026-09-21T11:56:12Z DEBUG reduce - 2128 us stdin=44us
2026-09-21T11:56:12Z DEBUG hook stop - 27648 us stdin=53us parse=27us context=189us db-open=9541us db-append=16656us handler=1175us
2026-09-21T11:56:12Z DEBUG hook user-prompt-submit - 4032 us stdin=28us parse=27us context=189us db-open=1720us db-append=903us handler=1145us
2026-09-21T11:56:16Z DEBUG hook post-tool-use - 10614 us stdin=25us parse=29us context=209us db-open=1577us db-append=7669us handler=1101us
2026-09-21T11:56:17Z DEBUG hook post-tool-use - 3748 us stdin=28us parse=34us context=182us db-open=1378us db-append=990us handler=1132us
2026-09-21T11:56:17Z DEBUG reduce - processed 4 spool 0
2026-09-21T11:56:17Z DEBUG reduce - 5772 us stdin=1628us
2026-09-21T11:56:26Z DEBUG reduce - processed 0 spool 0
2026-09-21T11:56:26Z DEBUG reduce - 2086 us stdin=25us
2026-09-21T11:56:26Z DEBUG hook stop - 19396 us stdin=21us parse=52us context=154us db-open=16095us db-append=1364us handler=1705us
2026-09-21T11:56:26Z DEBUG hook user-prompt-submit - 4019 us stdin=63us parse=25us context=195us db-open=1869us db-append=796us handler=1064us
2026-09-21T11:56:29Z DEBUG hook post-tool-use - 20776 us stdin=72us parse=30us context=193us db-open=1569us db-append=17650us handler=1258us
2026-09-21T11:56:29Z DEBUG reduce - processed 3 spool 0
2026-09-21T11:56:29Z DEBUG reduce - 4510 us stdin=25us
2026-09-21T11:56:32Z DEBUG hook post-tool-use - 20760 us stdin=28us parse=31us context=195us db-open=1357us db-append=17634us handler=1511us
2026-09-21T11:56:32Z DEBUG hook post-tool-use - 3737 us stdin=23us parse=27us context=197us db-open=1177us db-append=1011us handler=1297us
2026-09-21T11:56:32Z DEBUG reduce - processed 2 spool 0
2026-09-21T11:56:32Z DEBUG reduce - 3772 us stdin=48us
2026-09-21T11:56:36Z DEBUG hook post-tool-use - 5250 us stdin=32us parse=31us context=185us db-open=1385us db-append=2124us handler=1473us
2026-09-21T11:56:36Z DEBUG reduce - processed 1 spool 0
2026-09-21T11:56:36Z DEBUG reduce - 4356 us stdin=31us
2026-09-21T11:56:42Z DEBUG hook pre-tool-use - 302 us stdin=47us parse=23us context=213us handler=17us
2026-09-21T11:56:43Z DEBUG hook post-tool-use - 6280 us stdin=73us parse=26us context=150us db-open=1513us db-append=2511us handler=2003us
2026-09-21T11:56:43Z DEBUG reduce - processed 1 spool 0
2026-09-21T11:56:43Z DEBUG reduce - 5226 us stdin=822us
2026-09-21T11:56:52Z DEBUG reduce - processed 0 spool 0
2026-09-21T11:56:52Z DEBUG reduce - 18688 us stdin=21us
2026-09-21T11:56:52Z DEBUG hook stop - 22082 us stdin=22us parse=25us context=200us db-open=1674us db-append=18662us handler=1491us
2026-09-21T11:56:52Z DEBUG hook user-prompt-submit - 4637 us stdin=40us parse=22us context=173us db-open=2027us db-append=1022us handler=1347us
2026-09-21T11:56:54Z DEBUG hook post-tool-use - 22125 us stdin=23us parse=27us context=191us db-open=1643us db-append=18582us handler=1655us
2026-09-21T11:56:54Z DEBUG reduce - processed 3 spool 0
2026-09-21T11:56:54Z DEBUG reduce - 5321 us stdin=32us
2026-09-21T11:56:57Z DEBUG hook post-tool-use - 21797 us stdin=30us parse=32us context=182us db-open=1262us db-append=18587us handler=1699us
2026-09-21T11:56:58Z DEBUG hook post-tool-use - 21505 us stdin=22us parse=30us context=175us db-open=2213us db-append=17476us handler=1585us
2026-09-21T11:56:58Z DEBUG reduce - processed 2 spool 0
2026-09-21T11:56:58Z DEBUG reduce - 3934 us stdin=63us
2026-09-21T11:57:01Z DEBUG hook post-tool-use - 22227 us stdin=27us parse=33us context=195us db-open=2440us db-append=18024us handler=1504us
2026-09-21T11:57:01Z DEBUG reduce - processed 1 spool 0
2026-09-21T11:57:01Z DEBUG reduce - 3724 us stdin=23us
2026-09-21T11:57:10Z DEBUG hook stop - 20138 us stdin=61us parse=38us context=263us db-open=1368us db-append=18178us handler=225us
2026-09-21T11:57:10Z DEBUG reduce - processed 1 spool 0
2026-09-21T11:57:10Z DEBUG reduce - 35313 us stdin=87us
2026-09-21T11:57:10Z DEBUG hook user-prompt-submit - 3839 us stdin=18us parse=34us context=178us db-open=1507us db-append=908us handler=1187us
2026-09-21T11:57:13Z DEBUG hook post-tool-use - 20048 us stdin=43us parse=27us context=175us db-open=1419us db-append=17047us handler=1333us
2026-09-21T11:57:14Z DEBUG hook pre-tool-use - 258 us stdin=23us parse=30us context=186us handler=15us
2026-09-21T11:57:15Z DEBUG hook post-tool-use - 20019 us stdin=23us parse=34us context=133us db-open=1634us db-append=17144us handler=1048us
2026-09-21T11:57:15Z DEBUG reduce - processed 3 spool 0
2026-09-21T11:57:15Z DEBUG reduce - 6944 us stdin=2417us
2026-09-21T11:57:27Z DEBUG hook stop - 19844 us stdin=30us parse=42us context=217us db-open=1252us db-append=18081us handler=217us
2026-09-21T11:57:27Z DEBUG reduce - processed 1 spool 0
2026-09-21T11:57:27Z DEBUG reduce - 37263 us stdin=49us
2026-09-21T11:57:27Z DEBUG hook user-prompt-submit - 3727 us stdin=20us parse=28us context=197us db-open=1505us db-append=850us handler=1120us
2026-09-21T11:57:30Z DEBUG hook post-tool-use - 22324 us stdin=23us parse=27us context=280us db-open=1489us db-append=18942us handler=1558us
2026-09-21T11:57:30Z DEBUG hook post-tool-use - 22672 us stdin=37us parse=33us context=213us db-open=1743us db-append=18808us handler=1834us
2026-09-21T11:57:30Z DEBUG reduce - processed 3 spool 0
2026-09-21T11:57:30Z DEBUG reduce - 7269 us stdin=2468us
2026-09-21T11:57:34Z DEBUG hook post-tool-use - 21129 us stdin=23us parse=29us context=170us db-open=1331us db-append=17692us handler=1880us
2026-09-21T11:57:35Z DEBUG hook post-tool-use - 4335 us stdin=31us parse=28us context=182us db-open=1851us db-append=1135us handler=1104us
2026-09-21T11:57:35Z DEBUG reduce - processed 2 spool 0
2026-09-21T11:57:35Z DEBUG reduce - 3914 us stdin=23us
2026-09-21T11:57:39Z DEBUG hook pre-tool-use - 274 us stdin=50us parse=25us context=181us handler=15us
2026-09-21T11:57:39Z DEBUG hook post-tool-use - 4327 us stdin=23us parse=26us context=131us db-open=1393us db-append=1184us handler=1565us
2026-09-21T11:57:39Z DEBUG reduce - processed 1 spool 0
2026-09-21T11:57:39Z DEBUG reduce - 13974 us stdin=9686us
2026-09-21T11:57:49Z DEBUG reduce - processed 0 spool 0
2026-09-21T11:57:49Z DEBUG reduce - 2671 us stdin=24us
2026-09-21T11:57:49Z DEBUG hook user-prompt-submit - 5283 us stdin=23us parse=25us context=310us db-open=1532us db-append=1648us handler=1739us
2026-09-21T11:57:53Z DEBUG hook pre-tool-use - 272 us stdin=28us parse=29us context=195us handler=17us
2026-09-21T11:57:54Z DEBUG hook post-tool-use - 6868 us stdin=29us parse=38us context=169us db-open=1731us db-append=3448us handler=1448us
2026-09-21T11:57:54Z DEBUG reduce - processed 2 spool 0
2026-09-21T11:57:54Z DEBUG reduce - 4969 us stdin=24us
2026-09-21T11:58:02Z DEBUG reduce - processed 0 spool 0
2026-09-21T11:58:02Z DEBUG reduce - 2085 us stdin=26us
2026-09-21T11:58:02Z DEBUG hook user-prompt-submit - 20056 us stdin=27us parse=25us context=175us db-open=1708us db-append=16857us handler=1257us
2026-09-21T11:58:04Z DEBUG hook post-tool-use - 20508 us stdin=41us parse=34us context=177us db-open=1587us db-append=17368us handler=1294us
2026-09-21T11:58:04Z DEBUG reduce - processed 2 spool 0
2026-09-21T11:58:04Z DEBUG reduce - 6481 us stdin=1596us
2026-09-21T11:58:19Z DEBUG reduce - processed 0 spool 0
2026-09-21T11:58:19Z DEBUG reduce - 29442 us stdin=90us
2026-09-21T11:58:19Z DEBUG hook stop - 32613 us stdin=25us parse=31us context=198us db-open=1542us db-append=29384us handler=1427us
2026-09-21T11:58:19Z DEBUG hook user-prompt-submit - 4266 us stdin=64us parse=23us context=176us db-open=1562us db-append=1183us handler=1251us
2026-09-21T11:58:26Z DEBUG hook pre-tool-use - 250 us stdin=21us parse=26us context=182us handler=17us
2026-09-21T11:58:26Z DEBUG hook post-tool-use - 4206 us stdin=27us parse=27us context=137us db-open=1460us db-append=1264us handler=1286us
2026-09-21T11:58:26Z DEBUG reduce - processed 3 spool 0
2026-09-21T11:58:26Z DEBUG reduce - 9033 us stdin=4362us
2026-09-21T11:58:38Z DEBUG hook stop - 19474 us stdin=57us parse=29us context=217us db-open=1454us db-append=17394us handler=316us
2026-09-21T11:58:38Z DEBUG reduce - processed 1 spool 0
2026-09-21T11:58:38Z DEBUG reduce - 37028 us stdin=42us
2026-09-21T11:58:38Z DEBUG hook user-prompt-submit - 4187 us stdin=21us parse=24us context=190us db-open=1696us db-append=973us handler=1275us
2026-09-21T11:58:51Z DEBUG hook stop - 22313 us stdin=29us parse=26us context=242us db-open=1367us db-append=20172us handler=472us
2026-09-21T11:58:51Z DEBUG reduce - processed 2 spool 0
2026-09-21T11:58:51Z DEBUG reduce - 37141 us stdin=21us
2026-09-21T11:58:51Z DEBUG hook pre-compact - 5219 us stdin=19us parse=24us context=197us db-open=1271us db-append=866us handler=2835us
2026-09-21T11:59:27Z DEBUG hook session-start - 22050 us stdin=29us parse=26us context=222us db-open=1293us db-append=17922us handler=2553us
2026-09-21T11:59:28Z DEBUG hook post-compact - 4767 us stdin=36us parse=47us context=175us db-open=2287us db-append=796us handler=1415us
2026-09-21T11:59:28Z DEBUG hook user-prompt-submit - 4158 us stdin=24us parse=23us context=192us db-open=1438us db-append=1268us handler=1206us
2026-09-21T11:59:32Z DEBUG hook pre-tool-use - 10488 us stdin=22us parse=25us context=6646us db-open=2007us db-append=775us handler=1007us
2026-09-21T11:59:32Z DEBUG hook post-tool-use - 4590 us stdin=55us parse=29us context=187us db-open=1444us db-append=975us handler=1896us
2026-09-21T11:59:32Z DEBUG hook pre-tool-use - 251 us stdin=22us parse=25us context=172us handler=29us
2026-09-21T11:59:33Z DEBUG hook post-tool-use - 20486 us stdin=60us parse=25us context=136us db-open=1441us db-append=17483us handler=1337us
2026-09-21T11:59:33Z DEBUG reduce - processed 6 spool 0
2026-09-21T11:59:33Z DEBUG reduce - 8954 us stdin=3754us
2026-09-21T11:59:38Z DEBUG hook stop - 19355 us stdin=25us parse=38us context=221us db-open=1539us db-append=17310us handler=217us
2026-09-21T11:59:38Z DEBUG reduce - processed 1 spool 0
2026-09-21T11:59:38Z DEBUG reduce - 49234 us stdin=20us
