2026-09-21T11:05:39Z DEBUG hook session-start - 7258 us stdin=28us parse=29us context=195us db-open=5290us db-append=96us handler=1614us
2026-09-21T11:05:39Z DEBUG hook user-prompt-submit - 6146 us stdin=68us parse=29us context=158us db-open=2004us db-append=1851us handler=2029us
2026-09-21T11:05:41Z DEBUG hook pre-tool-use - 246 us stdin=24us parse=27us context=177us handler=15us
2026-09-21T11:05:43Z DEBUG hook post-tool-use - 4098 us stdin=23us parse=34us context=141us db-open=1494us db-append=1353us handler=1037us
2026-09-21T11:05:43Z DEBUG reduce - processed 3 spool 0
2026-09-21T11:05:43Z DEBUG reduce - 18316 us stdin=13226us
2026-09-21T11:05:47Z DEBUG reduce - processed 0 spool 0
2026-09-21T11:05:47Z DEBUG reduce - 1687 us stdin=42us
2026-09-21T11:05:47Z DEBUG hook stop - 19781 us stdin=64us parse=24us context=191us db-open=10410us db-append=7724us handler=1362us
2026-09-21T11:05:47Z DEBUG hook user-prompt-submit - 4218 us stdin=28us parse=31us context=194us db-open=1634us db-append=1052us handler=1271us
2026-09-21T11:05:49Z DEBUG hook post-tool-use - 20658 us stdin=23us parse=30us context=169us db-open=1399us db-append=17555us handler=1478us
2026-09-21T11:05:49Z DEBUG hook post-tool-use - 21441 us stdin=24us parse=28us context=164us db-open=1772us db-append=17882us handler=1567us
2026-09-21T11:05:50Z DEBUG hook post-tool-use - 21271 us stdin=25us parse=28us context=188us db-open=2071us db-append=17622us handler=1333us
2026-09-21T11:05:50Z DEBUG hook post-tool-use - 19783 us stdin=27us parse=36us context=184us db-open=1255us db-append=16829us handler=1449us
2026-09-21T11:05:51Z DEBUG hook post-tool-use - 19875 us stdin=26us parse=32us context=192us db-open=1306us db-append=17204us handler=1111us
2026-09-21T11:05:51Z DEBUG reduce - processed 7 spool 0
2026-09-21T11:05:51Z DEBUG reduce - 4550 us stdin=62us
2026-09-21T11:05:57Z DEBUG hook stop - 20873 us stdin=41us parse=35us context=205us db-open=1396us db-append=18977us handler=213us
2026-09-21T11:05:57Z DEBUG reduce - processed 1 spool 0
2026-09-21T11:05:57Z DEBUG reduce - 43154 us stdin=48us
2026-09-21T11:05:57Z DEBUG hook user-prompt-submit - 5473 us stdin=53us parse=25us context=265us db-open=1656us db-append=1882us handler=1585us
2026-09-21T11:06:00Z DEBUG hook pre-tool-use - 21718 us stdin=22us parse=25us context=162us db-open=1275us db-append=18046us handler=2180us
2026-09-21T11:06:00Z DEBUG hook post-tool-use - 3779 us stdin=29us parse=33us context=168us db-open=1608us db-append=850us handler=1087us
2026-09-21T11:06:01Z DEBUG hook pre-tool-use - 20875 us stdin=24us parse=27us context=169us db-open=1375us db-append=18143us handler=1130us
2026-09-21T11:06:01Z DEBUG hook post-tool-use - 4422 us stdin=24us parse=30us context=162us db-open=1499us db-append=1713us handler=990us
2026-09-21T11:06:01Z DEBUG hook pre-tool-use - 261 us stdin=38us parse=24us context=182us handler=14us
2026-09-21T11:06:02Z DEBUG hook post-tool-use - 20815 us stdin=23us parse=26us context=138us db-open=1584us db-append=17621us handler=1418us
2026-09-21T11:06:02Z DEBUG reduce - processed 6 spool 0
2026-09-21T11:06:02Z DEBUG reduce - 7408 us stdin=1328us
2026-09-21T11:06:07Z DEBUG reduce - processed 0 spool 0
2026-09-21T11:06:07Z DEBUG reduce - 9026 us stdin=21us
2026-09-21T11:06:07Z DEBUG hook stop - 10099 us stdin=25us parse=35us context=210us db-open=1318us db-append=8214us handler=289us
2026-09-21T11:06:07Z DEBUG hook user-prompt-submit - 3627 us stdin=25us parse=26us context=133us db-open=1244us db-append=164us handler=2026us
2026-09-21T11:06:09Z DEBUG hook pre-tool-use - 4535 us stdin=26us parse=27us context=237us db-open=1554us db-append=1692us handler=996us
2026-09-21T11:06:09Z DEBUG hook post-tool-use - 4403 us stdin=23us parse=27us context=166us db-open=1452us db-append=1559us handler=1172us
2026-09-21T11:06:09Z DEBUG reduce - processed 4 spool 0
2026-09-21T11:06:09Z DEBUG reduce - 6448 us stdin=24us
2026-09-21T11:06:12Z DEBUG reduce - processed 0 spool 0
2026-09-21T11:06:12Z DEBUG reduce - 16929 us stdin=53us
2026-09-21T11:06:12Z DEBUG hook stop - 20172 us stdin=50us parse=25us context=193us db-open=1418us db-append=16801us handler=1678us
2026-09-21T11:06:12Z DEBUG hook user-prompt-submit - 4817 us stdin=23us parse=27us context=175us db-open=1911us db-append=1294us handler=1381us
2026-09-21T11:06:15Z DEBUG hook pre-tool-use - 23056 us stdin=48us parse=28us context=176us db-open=1477us db-append=19838us handler=1483us
2026-09-21T11:06:15Z DEBUG hook post-tool-use - 3990 us stdin=24us parse=29us context=184us db-open=1505us db-append=1159us handler=1085us
2026-09-21T11:06:15Z DEBUG hook pre-tool-use - 244 us stdin=23us parse=27us context=176us handler=15us
2026-09-21T11:06:16Z DEBUG hook post-tool-use - 3882 us stdin=25us parse=37us context=159us db-open=1421us db-append=1011us handler=1226us
2026-09-21T11:06:16Z DEBUG reduce - processed 5 spool 0
2026-09-21T11:06:16Z DEBUG reduce - 5250 us stdin=24us
2026-09-21T11:06:21Z DEBUG hook stop - 19454 us stdin=53us parse=25us context=184us db-open=1211us db-append=17693us handler=278us
2026-09-21T11:06:21Z DEBUG reduce - processed 1 spool 0
2026-09-21T11:06:21Z DEBUG reduce - 38800 us stdin=22us
2026-09-21T11:06:21Z DEBUG hook user-prompt-submit - 4280 us stdin=20us parse=21us context=197us db-open=1383us db-append=1083us handler=1566us
2026-09-21T11:06:23Z DEBUG hook pre-tool-use - 22153 us stdin=28us parse=24us context=184us db-open=1459us db-append=18890us handler=1563us
2026-09-21T11:06:24Z DEBUG hook post-tool-use - 4314 us stdin=23us parse=26us context=182us db-open=1542us db-append=1428us handler=1109us
2026-09-21T11:06:24Z DEBUG reduce - processed 3 spool 0
2026-09-21T11:06:24Z DEBUG reduce - 4613 us stdin=23us
2026-09-21T11:06:26Z DEBUG hook stop - 2934 us stdin=24us parse=30us context=186us db-open=1345us db-append=1128us handler=215us
2026-09-21T11:06:26Z DEBUG reduce - processed 1 spool 0
2026-09-21T11:06:26Z DEBUG reduce - 13830 us stdin=22us
2026-09-21T11:06:26Z DEBUG hook user-prompt-submit - 3479 us stdin=20us parse=21us context=158us db-open=1211us db-append=833us handler=1230us
2026-09-21T11:06:28Z DEBUG hook post-tool-use - 20833 us stdin=361us parse=61us context=312us db-open=1486us db-append=17167us handler=1442us
2026-09-21T11:06:28Z DEBUG reduce - processed 2 spool 0
2026-09-21T11:06:28Z DEBUG reduce - 4535 us stdin=27us
2026-09-21T11:06:38Z DEBUG reduce - processed 0 spool 0
2026-09-21T11:06:38Z DEBUG reduce - 2339 us stdin=49us
2026-09-21T11:06:38Z DEBUG hook stop - 31042 us stdin=54us parse=26us context=191us db-open=12755us db-append=16873us handler=1137us
2026-09-21T11:06:38Z DEBUG hook user-prompt-submit - 3942 us stdin=59us parse=23us context=209us db-open=1444us db-append=980us handler=1220us
2026-09-21T11:06:40Z DEBUG hook post-tool-use - 21705 us stdin=24us parse=33us context=193us db-open=1564us db-append=18542us handler=1344us
2026-09-21T11:06:40Z DEBUG reduce - processed 3 spool 0
2026-09-21T11:06:40Z DEBUG reduce - 4419 us stdin=39us
2026-09-21T11:06:44Z DEBUG hook post-tool-use - 23479 us stdin=45us parse=42us context=188us db-open=1538us db-append=19224us handler=2433us
2026-09-21T11:06:44Z DEBUG reduce - processed 1 spool 0
2026-09-21T11:06:44Z DEBUG reduce - 12706 us stdin=8455us
2026-09-21T11:06:49Z DEBUG hook post-tool-use - 21699 us stdin=38us parse=43us context=179us db-open=1517us db-append=17718us handler=2198us
2026-09-21T11:06:49Z DEBUG reduce - processed 1 spool 0
2026-09-21T11:06:49Z DEBUG reduce - 5475 us stdin=613us
2026-09-21T11:06:54Z DEBUG hook pre-tool-use - 255 us stdin=24us parse=27us context=186us handler=15us
2026-09-21T11:06:55Z DEBUG hook post-tool-use - 5247 us stdin=22us parse=30us context=149us db-open=1386us db-append=2217us handler=1439us
2026-09-21T11:06:55Z DEBUG reduce - processed 1 spool 0
2026-09-21T11:06:55Z DEBUG reduce - 4824 us stdin=22us
2026-09-21T11:06:57Z DEBUG hook pre-tool-use - 265 us stdin=23us parse=30us context=195us handler=14us
2026-09-21T11:06:57Z DEBUG hook post-tool-use - 4126 us stdin=22us parse=26us context=138us db-open=1572us db-append=1272us handler=1091us
2026-09-21T11:06:58Z DEBUG reduce - processed 1 spool 0
2026-09-21T11:06:58Z DEBUG reduce - 16937 us stdin=12039us
2026-09-21T11:07:09Z DEBUG hook stop - 19989 us stdin=46us parse=30us context=197us db-open=1505us db-append=17946us handler=258us
2026-09-21T11:07:09Z DEBUG reduce - processed 1 spool 0
2026-09-21T11:07:09Z DEBUG reduce - 38400 us stdin=57us
2026-09-21T11:07:09Z DEBUG hook user-prompt-submit - 4408 us stdin=24us parse=22us context=184us db-open=2196us db-append=912us handler=1063us
2026-09-21T11:07:15Z DEBUG hook post-tool-use - 21305 us stdin=23us parse=30us context=186us db-open=1809us db-append=17952us handler=1302us
2026-09-21T11:07:16Z DEBUG hook post-tool-use - 5095 us stdin=31us parse=32us context=188us db-open=1854us db-append=1568us handler=1418us
2026-09-21T11:07:16Z DEBUG reduce - processed 3 spool 0
2026-09-21T11:07:16Z DEBUG reduce - 27080 us stdin=2255us
2026-09-21T11:07:20Z DEBUG hook post-tool-use - 20054 us stdin=25us parse=28us context=172us db-open=1266us db-append=17229us handler=1331us
2026-09-21T11:07:21Z DEBUG hook post-tool-use - 4845 us stdin=29us parse=39us context=183us db-open=2179us db-append=1117us handler=1293us
2026-09-21T11:07:21Z DEBUG reduce - processed 2 spool 0
2026-09-21T11:07:21Z DEBUG reduce - 4483 us stdin=175us
2026-09-21T11:07:32Z DEBUG reduce - processed 0 spool 0
2026-09-21T11:07:32Z DEBUG reduce - 2026 us stdin=25us
2026-09-21T11:07:32Z DEBUG hook user-prompt-submit - 3994 us stdin=24us parse=31us context=227us db-open=1385us db-append=1089us handler=1230us
2026-09-21T11:07:35Z DEBUG hook post-tool-use - 21304 us stdin=111us parse=27us context=222us db-open=2068us db-append=17304us handler=1568us
2026-09-21T11:07:36Z DEBUG hook post-tool-use - 4698 us stdin=28us parse=33us context=182us db-open=1429us db-append=1593us handler=1429us
2026-09-21T11:07:36Z DEBUG reduce - processed 3 spool 0
2026-09-21T11:07:36Z DEBUG reduce - 7309 us stdin=2872us
2026-09-21T11:07:43Z DEBUG hook stop - 51478 us stdin=46us parse=24us context=179us db-open=1314us db-append=49581us handler=326us
2026-09-21T11:07:43Z DEBUG reduce - processed 1 spool 0
2026-09-21T11:07:43Z DEBUG reduce - 70810 us stdin=49us
2026-09-21T11:07:43Z DEBUG hook user-prompt-submit - 4018 us stdin=20us parse=27us context=228us db-open=1489us db-append=1142us handler=1104us
2026-09-21T11:07:46Z DEBUG hook post-tool-use - 6550 us stdin=34us parse=37us context=293us db-open=1658us db-append=3107us handler=1417us
2026-09-21T11:07:47Z DEBUG hook post-tool-use - 3910 us stdin=24us parse=27us context=169us db-open=1489us db-append=1058us handler=1138us
2026-09-21T11:07:47Z DEBUG reduce - processed 3 spool 0
2026-09-21T11:07:47Z DEBUG reduce - 5328 us stdin=1107us
2026-09-21T11:07:50Z DEBUG hook post-tool-use - 20960 us stdin=28us parse=31us context=183us db-open=1316us db-append=17920us handler=1478us
2026-09-21T11:07:50Z DEBUG reduce - processed 1 spool 0
2026-09-21T11:07:50Z DEBUG reduce - 4362 us stdin=26us
2026-09-21T11:07:53Z DEBUG hook pre-tool-use - 284 us stdin=22us parse=25us context=218us handler=16us
2026-09-21T11:07:54Z DEBUG hook post-tool-use - 4317 us stdin=27us parse=33us context=135us db-open=1614us db-append=1346us handler=1158us
2026-09-21T11:07:54Z DEBUG reduce - processed 1 spool 0
2026-09-21T11:07:54Z DEBUG reduce - 4044 us stdin=24us
2026-09-21T11:08:01Z DEBUG hook stop - 19665 us stdin=25us parse=26us context=217us db-open=1577us db-append=17549us handler=263us
2026-09-21T11:08:01Z DEBUG reduce - processed 1 spool 0
2026-09-21T11:08:01Z DEBUG reduce - 39418 us stdin=43us
2026-09-21T11:08:01Z DEBUG hook user-prompt-submit - 3539 us stdin=22us parse=29us context=208us db-open=1390us db-append=808us handler=1076us
2026-09-21T11:08:04Z DEBUG hook post-tool-use - 22557 us stdin=56us parse=31us context=195us db-open=1583us db-append=18708us handler=1979us
2026-09-21T11:08:04Z DEBUG reduce - processed 2 spool 0
2026-09-21T11:08:04Z DEBUG reduce - 6243 us stdin=27us
2026-09-21T11:08:11Z DEBUG hook stop - 4239 us stdin=37us parse=36us context=189us db-open=1314us db-append=1348us handler=1309us
2026-09-21T11:08:11Z DEBUG reduce - processed 1 spool 0
2026-09-21T11:08:11Z DEBUG reduce - 4288 us stdin=26us
2026-09-21T11:08:11Z DEBUG hook user-prompt-submit - 4565 us stdin=26us parse=31us context=173us db-open=1509us db-append=1611us handler=1207us
2026-09-21T11:08:15Z DEBUG hook post-tool-use - 19428 us stdin=26us parse=29us context=183us db-open=1416us db-append=16742us handler=1027us
2026-09-21T11:08:15Z DEBUG reduce - processed 2 spool 0
2026-09-21T11:08:15Z DEBUG reduce - 13480 us stdin=9238us
2026-09-21T11:08:19Z DEBUG hook pre-tool-use - 253 us stdin=45us parse=24us context=166us handler=15us
2026-09-21T11:08:19Z DEBUG hook post-tool-use - 3954 us stdin=48us parse=26us context=147us db-open=1387us db-append=1201us handler=1142us
2026-09-21T11:08:19Z DEBUG reduce - processed 1 spool 0
2026-09-21T11:08:19Z DEBUG reduce - 11909 us stdin=7798us
2026-09-21T11:08:21Z DEBUG hook pre-tool-use - 333 us stdin=21us parse=25us context=267us handler=17us
2026-09-21T11:08:21Z DEBUG hook post-tool-use - 5846 us stdin=36us parse=30us context=127us db-open=1413us db-append=2786us handler=1445us
2026-09-21T11:08:21Z DEBUG reduce - processed 1 spool 0
2026-09-21T11:08:21Z DEBUG reduce - 13289 us stdin=8031us
2026-09-21T11:08:33Z DEBUG hook pre-tool-use - 273 us stdin=27us parse=29us context=180us handler=34us
2026-09-21T11:08:33Z DEBUG hook post-tool-use - 3833 us stdin=23us parse=25us context=155us db-open=1537us db-append=761us handler=1327us
2026-09-21T11:08:33Z DEBUG reduce - processed 1 spool 0
2026-09-21T11:08:33Z DEBUG reduce - 11414 us stdin=5936us
2026-09-21T11:08:44Z DEBUG hook stop - 3659 us stdin=23us parse=26us context=175us db-open=1510us db-append=1712us handler=207us
2026-09-21T11:08:44Z DEBUG reduce - processed 1 spool 0
2026-09-21T11:08:44Z DEBUG reduce - 15955 us stdin=51us
2026-09-21T11:08:44Z DEBUG hook user-prompt-submit - 4332 us stdin=25us parse=27us context=174us db-open=1792us db-append=998us handler=1309us
2026-09-21T11:08:49Z DEBUG hook pre-tool-use - 269 us stdin=24us parse=40us context=185us handler=17us
2026-09-21T11:08:50Z DEBUG hook post-tool-use - 3539 us stdin=44us parse=25us context=139us db-open=1347us db-append=1030us handler=949us
2026-09-21T11:08:50Z DEBUG reduce - processed 2 spool 0
2026-09-21T11:08:50Z DEBUG reduce - 13828 us stdin=9922us
2026-09-21T11:08:55Z DEBUG hook pre-tool-use - 247 us stdin=23us parse=25us context=179us handler=17us
2026-09-21T11:08:55Z DEBUG hook post-tool-use - 5059 us stdin=24us parse=43us context=178us db-open=1764us db-append=1745us handler=1301us
2026-09-21T11:08:55Z DEBUG reduce - processed 1 spool 0
2026-09-21T11:08:55Z DEBUG reduce - 11712 us stdin=7362us
2026-09-21T11:09:06Z DEBUG reduce - processed 0 spool 0
2026-09-21T11:09:06Z DEBUG reduce - 2760 us stdin=64us
2026-09-21T11:09:06Z DEBUG hook stop - 14684 us stdin=24us parse=31us context=180us db-open=12570us db-append=835us handler=1037us
2026-09-21T11:09:06Z DEBUG hook user-prompt-submit - 3831 us stdin=23us parse=23us context=196us db-open=1479us db-append=958us handler=1145us
2026-09-21T11:09:20Z DEBUG reduce - processed 2 spool 0
2026-09-21T11:09:20Z DEBUG reduce - 3631 us stdin=24us
2026-09-21T11:09:20Z DEBUG hook stop - 16209 us stdin=27us parse=109us context=356us db-open=13985us db-append=119us handler=1606us
2026-09-21T11:09:20Z DEBUG hook pre-compact - 6884 us stdin=22us parse=30us context=176us db-open=1976us db-append=1004us handler=3671us
2026-09-21T11:10:06Z DEBUG hook session-start - 20954 us stdin=22us parse=22us context=189us db-open=1576us db-append=17546us handler=1592us
2026-09-21T11:10:06Z DEBUG hook post-compact - 5418 us stdin=42us parse=45us context=182us db-open=2179us db-append=1093us handler=1861us
2026-09-21T11:10:06Z DEBUG hook user-prompt-submit - 4454 us stdin=39us parse=26us context=193us db-open=1562us db-append=1059us handler=1569us
2026-09-21T11:10:11Z DEBUG hook pre-tool-use - 5800 us stdin=37us parse=26us context=169us db-open=1440us db-append=2880us handler=1244us
2026-09-21T11:10:11Z DEBUG hook post-tool-use - 4716 us stdin=23us parse=28us context=199us db-open=1784us db-append=1322us handler=1357us
2026-09-21T11:10:11Z DEBUG hook pre-tool-use - 258 us stdin=43us parse=23us context=174us handler=15us
2026-09-21T11:10:12Z DEBUG hook post-tool-use - 20373 us stdin=91us parse=33us context=160us db-open=1683us db-append=17100us handler=1302us
2026-09-21T11:10:12Z DEBUG reduce - processed 6 spool 0
2026-09-21T11:10:12Z DEBUG reduce - 4281 us stdin=23us
2026-09-21T11:10:15Z DEBUG hook pre-tool-use - 4004 us stdin=23us parse=28us context=190us db-open=1550us db-append=1100us handler=1109us
2026-09-21T11:10:15Z DEBUG hook post-tool-use - 4952 us stdin=23us parse=28us context=179us db-open=1634us db-append=1833us handler=1251us
2026-09-21T11:10:15Z DEBUG reduce - processed 2 spool 0
2026-09-21T11:10:15Z DEBUG reduce - 4190 us stdin=25us
2026-09-21T11:10:17Z DEBUG hook pre-tool-use - 263 us stdin=28us parse=26us context=184us handler=23us
2026-09-21T11:10:18Z DEBUG hook post-tool-use - 3935 us stdin=25us parse=30us context=155us db-open=1502us db-append=1157us handler=1063us
2026-09-21T11:10:18Z DEBUG reduce - processed 1 spool 0
2026-09-21T11:10:18Z DEBUG reduce - 8164 us stdin=4046us
2026-09-21T11:10:22Z DEBUG hook stop - 20329 us stdin=58us parse=25us context=228us db-open=1387us db-append=18332us handler=292us
2026-09-21T11:10:22Z DEBUG reduce - processed 1 spool 0
2026-09-21T11:10:22Z DEBUG reduce - 37682 us stdin=23us
