2026-09-16T11:27:41Z DEBUG hook session-start - 8070 us stdin=38us parse=29us context=169us db-open=5149us db-append=92us handler=2585us
2026-09-16T11:27:41Z DEBUG hook user-prompt-submit - 11944 us stdin=81us parse=28us context=185us db-open=2586us db-append=1119us handler=7940us
2026-09-16T11:27:45Z DEBUG hook pre-tool-use - 345 us stdin=33us parse=32us context=255us handler=21us
2026-09-16T11:27:48Z DEBUG hook post-tool-use - 20759 us stdin=38us parse=33us context=159us db-open=1646us db-append=17386us handler=1490us
2026-09-16T11:27:48Z DEBUG reduce - processed 3 spool 0
2026-09-16T11:27:48Z DEBUG reduce - 25579 us stdin=20324us
2026-09-16T11:27:52Z DEBUG hook stop - 19365 us stdin=60us parse=41us context=303us db-open=1445us db-append=17190us handler=318us
2026-09-16T11:27:52Z DEBUG reduce - processed 1 spool 0
2026-09-16T11:27:52Z DEBUG reduce - 43214 us stdin=30us
2026-09-16T11:27:52Z DEBUG hook user-prompt-submit - 5570 us stdin=35us parse=29us context=203us db-open=1909us db-append=1533us handler=1852us
2026-09-16T11:27:55Z DEBUG hook post-tool-use - 20883 us stdin=35us parse=36us context=205us db-open=2167us db-append=16534us handler=1900us
2026-09-16T11:27:56Z DEBUG hook post-tool-use - 4542 us stdin=32us parse=36us context=292us db-open=1547us db-append=916us handler=1714us
2026-09-16T11:27:56Z DEBUG hook post-tool-use - 4441 us stdin=36us parse=38us context=198us db-open=1487us db-append=1244us handler=1435us
2026-09-16T11:27:56Z DEBUG reduce - processed 4 spool 0
2026-09-16T11:27:56Z DEBUG reduce - 6239 us stdin=42us
2026-09-16T11:28:02Z DEBUG hook stop - 19757 us stdin=33us parse=31us context=213us db-open=1492us db-append=17695us handler=285us
2026-09-16T11:28:02Z DEBUG reduce - processed 1 spool 0
2026-09-16T11:28:02Z DEBUG reduce - 45424 us stdin=50us
2026-09-16T11:28:02Z DEBUG hook user-prompt-submit - 5297 us stdin=103us parse=323us context=325us db-open=2052us db-append=1076us handler=1412us
2026-09-16T11:28:06Z DEBUG hook post-tool-use - 22088 us stdin=35us parse=36us context=204us db-open=1428us db-append=18771us handler=1607us
2026-09-16T11:28:06Z DEBUG reduce - processed 2 spool 0
2026-09-16T11:28:06Z DEBUG reduce - 4875 us stdin=38us
2026-09-16T11:28:12Z DEBUG hook stop - 19681 us stdin=33us parse=31us context=209us db-open=1664us db-append=17406us handler=330us
2026-09-16T11:28:12Z DEBUG reduce - processed 1 spool 0
2026-09-16T11:28:12Z DEBUG reduce - 43247 us stdin=31us
2026-09-16T11:28:12Z DEBUG hook user-prompt-submit - 5753 us stdin=35us parse=38us context=294us db-open=2373us db-append=1127us handler=1881us
2026-09-16T11:28:16Z DEBUG hook pre-tool-use - 354 us stdin=57us parse=30us context=220us handler=42us
2026-09-16T11:28:16Z DEBUG hook post-tool-use - 23182 us stdin=94us parse=48us context=181us db-open=2879us db-append=18214us handler=1756us
2026-09-16T11:28:16Z DEBUG reduce - processed 2 spool 0
2026-09-16T11:28:16Z DEBUG reduce - 18530 us stdin=13231us
2026-09-16T11:28:21Z DEBUG hook pre-tool-use - 333 us stdin=37us parse=31us context=223us handler=39us
2026-09-16T11:28:21Z DEBUG hook post-tool-use - 5556 us stdin=37us parse=35us context=167us db-open=1884us db-append=1935us handler=1492us
2026-09-16T11:28:22Z DEBUG reduce - processed 1 spool 0
2026-09-16T11:28:22Z DEBUG reduce - 68795 us stdin=62471us
2026-09-16T11:28:28Z DEBUG hook stop - 20490 us stdin=35us parse=31us context=274us db-open=2261us db-append=17584us handler=299us
2026-09-16T11:28:28Z DEBUG reduce - processed 1 spool 0
2026-09-16T11:28:28Z DEBUG reduce - 38162 us stdin=43us
2026-09-16T11:28:28Z DEBUG hook user-prompt-submit - 4982 us stdin=33us parse=28us context=265us db-open=1753us db-append=1345us handler=1552us
2026-09-16T11:28:31Z DEBUG hook post-tool-use - 21528 us stdin=78us parse=36us context=221us db-open=1771us db-append=17238us handler=2179us
2026-09-16T11:28:31Z DEBUG reduce - processed 2 spool 0
2026-09-16T11:28:31Z DEBUG reduce - 13214 us stdin=7789us
2026-09-16T11:28:36Z DEBUG hook post-tool-use - 21657 us stdin=49us parse=44us context=235us db-open=2649us db-append=17018us handler=1657us
2026-09-16T11:28:36Z DEBUG reduce - processed 1 spool 0
2026-09-16T11:28:36Z DEBUG reduce - 5341 us stdin=44us
2026-09-16T11:28:40Z DEBUG hook post-tool-use - 20540 us stdin=55us parse=39us context=217us db-open=1732us db-append=16916us handler=1572us
2026-09-16T11:28:40Z DEBUG reduce - processed 1 spool 0
2026-09-16T11:28:40Z DEBUG reduce - 38535 us stdin=32346us
2026-09-16T11:28:54Z DEBUG hook stop - 21747 us stdin=40us parse=36us context=279us db-open=3868us db-append=17038us handler=478us
2026-09-16T11:28:54Z DEBUG reduce - processed 1 spool 0
2026-09-16T11:28:54Z DEBUG reduce - 38402 us stdin=30us
2026-09-16T11:28:54Z DEBUG hook user-prompt-submit - 6684 us stdin=33us parse=29us context=222us db-open=2856us db-append=1543us handler=1993us
2026-09-16T11:28:57Z DEBUG hook post-tool-use - 6770 us stdin=37us parse=36us context=206us db-open=1585us db-append=2487us handler=2414us
2026-09-16T11:28:57Z DEBUG reduce - processed 2 spool 0
2026-09-16T11:28:57Z DEBUG reduce - 28670 us stdin=21074us
2026-09-16T11:29:01Z DEBUG hook post-tool-use - 22216 us stdin=38us parse=59us context=211us db-open=1781us db-append=18325us handler=1796us
2026-09-16T11:29:01Z DEBUG reduce - processed 1 spool 0
2026-09-16T11:29:01Z DEBUG reduce - 4707 us stdin=38us
2026-09-16T11:29:06Z DEBUG hook post-tool-use - 22641 us stdin=39us parse=39us context=219us db-open=2515us db-append=18270us handler=1553us
2026-09-16T11:29:06Z DEBUG reduce - processed 1 spool 0
2026-09-16T11:29:06Z DEBUG reduce - 18543 us stdin=12261us
2026-09-16T11:29:15Z DEBUG hook stop - 19754 us stdin=32us parse=37us context=206us db-open=1356us db-append=17788us handler=326us
2026-09-16T11:29:15Z DEBUG reduce - processed 1 spool 0
2026-09-16T11:29:15Z DEBUG reduce - 38444 us stdin=30us
2026-09-16T11:29:15Z DEBUG hook user-prompt-submit - 4884 us stdin=39us parse=39us context=250us db-open=1817us db-append=1157us handler=1576us
2026-09-16T11:29:18Z DEBUG hook post-tool-use - 21421 us stdin=34us parse=36us context=221us db-open=1856us db-append=17964us handler=1304us
2026-09-16T11:29:18Z DEBUG reduce - processed 2 spool 0
2026-09-16T11:29:18Z DEBUG reduce - 18121 us stdin=11678us
2026-09-16T11:29:22Z DEBUG hook post-tool-use - 20569 us stdin=71us parse=37us context=210us db-open=1348us db-append=17039us handler=1859us
2026-09-16T11:29:23Z DEBUG hook post-tool-use - 6509 us stdin=39us parse=41us context=242us db-open=1642us db-append=2287us handler=2252us
2026-09-16T11:29:23Z DEBUG hook post-tool-use - 5371 us stdin=36us parse=50us context=220us db-open=1297us db-append=1577us handler=2185us
2026-09-16T11:29:24Z DEBUG hook post-tool-use - 4942 us stdin=34us parse=38us context=248us db-open=1638us db-append=1349us handler=1630us
2026-09-16T11:29:24Z DEBUG hook post-tool-use - 21325 us stdin=36us parse=37us context=227us db-open=1455us db-append=17962us handler=1602us
2026-09-16T11:29:24Z DEBUG reduce - processed 5 spool 0
2026-09-16T11:29:24Z DEBUG reduce - 7466 us stdin=88us
2026-09-16T11:29:28Z DEBUG hook post-tool-use - 22909 us stdin=34us parse=36us context=197us db-open=2379us db-append=18571us handler=1686us
2026-09-16T11:29:28Z DEBUG reduce - processed 1 spool 0
2026-09-16T11:29:28Z DEBUG reduce - 13604 us stdin=8758us
2026-09-16T11:29:34Z DEBUG reduce - processed 0 spool 0
2026-09-16T11:29:34Z DEBUG reduce - 17534 us stdin=32us
2026-09-16T11:29:34Z DEBUG hook stop - 21952 us stdin=33us parse=31us context=204us db-open=1441us db-append=17352us handler=2883us
2026-09-16T11:29:34Z DEBUG hook user-prompt-submit - 5371 us stdin=33us parse=33us context=207us db-open=1832us db-append=1363us handler=1898us
2026-09-16T11:29:38Z DEBUG hook post-tool-use - 21363 us stdin=36us parse=53us context=280us db-open=1638us db-append=17728us handler=1623us
2026-09-16T11:29:38Z DEBUG reduce - processed 3 spool 0
2026-09-16T11:29:38Z DEBUG reduce - 24175 us stdin=19123us
2026-09-16T11:29:41Z DEBUG hook post-tool-use - 5345 us stdin=41us parse=36us context=206us db-open=1453us db-append=1497us handler=2103us
2026-09-16T11:29:41Z DEBUG reduce - processed 1 spool 0
2026-09-16T11:29:41Z DEBUG reduce - 4806 us stdin=35us
2026-09-16T11:29:46Z DEBUG hook post-tool-use - 20917 us stdin=34us parse=39us context=214us db-open=1789us db-append=17310us handler=1526us
2026-09-16T11:29:46Z DEBUG reduce - processed 1 spool 0
2026-09-16T11:29:46Z DEBUG reduce - 16153 us stdin=10599us
2026-09-16T11:29:55Z DEBUG reduce - processed 0 spool 0
2026-09-16T11:29:55Z DEBUG reduce - 3306 us stdin=80us
2026-09-16T11:29:56Z DEBUG hook user-prompt-submit - 23695 us stdin=42us parse=41us context=266us db-open=2605us db-append=18704us handler=2031us
2026-09-16T11:30:01Z DEBUG hook post-tool-use - 21771 us stdin=34us parse=39us context=239us db-open=1925us db-append=18025us handler=1502us
2026-09-16T11:30:01Z DEBUG reduce - processed 2 spool 0
2026-09-16T11:30:01Z DEBUG reduce - 28575 us stdin=22917us
2026-09-16T11:30:06Z DEBUG reduce - processed 0 spool 0
2026-09-16T11:30:06Z DEBUG reduce - 2848 us stdin=43us
2026-09-16T11:30:06Z DEBUG hook user-prompt-submit - 5542 us stdin=121us parse=38us context=225us db-open=1814us db-append=1415us handler=1923us
2026-09-16T11:30:11Z DEBUG hook post-tool-use - 20942 us stdin=54us parse=44us context=241us db-open=2027us db-append=17005us handler=1561us
2026-09-16T11:30:11Z DEBUG reduce - processed 2 spool 0
2026-09-16T11:30:11Z DEBUG reduce - 15834 us stdin=9713us
2026-09-16T11:30:28Z DEBUG reduce - processed 0 spool 0
2026-09-16T11:30:28Z DEBUG reduce - 2301 us stdin=37us
2026-09-16T11:30:28Z DEBUG hook user-prompt-submit - 21266 us stdin=35us parse=34us context=209us db-open=1803us db-append=17761us handler=1419us
2026-09-16T11:30:33Z DEBUG hook post-tool-use - 21899 us stdin=36us parse=50us context=231us db-open=1663us db-append=17697us handler=2216us
2026-09-16T11:30:33Z DEBUG reduce - processed 2 spool 0
2026-09-16T11:30:33Z DEBUG reduce - 17595 us stdin=12493us
2026-09-16T11:30:42Z DEBUG hook pre-tool-use - 606 us stdin=36us parse=34us context=506us handler=26us
2026-09-16T11:30:42Z DEBUG hook post-tool-use - 4515 us stdin=76us parse=33us context=185us db-open=1740us db-append=1174us handler=1303us
2026-09-16T11:30:42Z DEBUG reduce - processed 1 spool 0
2026-09-16T11:30:42Z DEBUG reduce - 18567 us stdin=12583us
2026-09-16T11:30:51Z DEBUG hook stop - 19739 us stdin=47us parse=37us context=250us db-open=1745us db-append=17278us handler=374us
2026-09-16T11:30:51Z DEBUG reduce - processed 1 spool 0
2026-09-16T11:30:51Z DEBUG reduce - 37991 us stdin=53us
2026-09-16T11:30:52Z DEBUG hook user-prompt-submit - 4909 us stdin=36us parse=35us context=227us db-open=2021us db-append=1263us handler=1321us
2026-09-16T11:31:01Z DEBUG hook stop - 19856 us stdin=35us parse=31us context=758us db-open=1583us db-append=17124us handler=318us
2026-09-16T11:31:01Z DEBUG reduce - processed 2 spool 0
2026-09-16T11:31:01Z DEBUG reduce - 47116 us stdin=29us
2026-09-16T11:31:01Z DEBUG hook pre-compact - 7379 us stdin=40us parse=29us context=214us db-open=1765us db-append=1034us handler=4290us
2026-09-16T11:31:44Z DEBUG hook session-start - 6049 us stdin=35us parse=30us context=216us db-open=1884us db-append=1580us handler=2298us
2026-09-16T11:31:44Z DEBUG hook post-compact - 12844 us stdin=6009us parse=60us context=268us db-open=3144us db-append=1256us handler=2102us
2026-09-16T11:31:44Z DEBUG hook user-prompt-submit - 5265 us stdin=60us parse=28us context=241us db-open=1840us db-append=1241us handler=1849us
2026-09-16T11:32:04Z DEBUG hook pre-tool-use - 373 us stdin=34us parse=31us context=262us handler=42us
2026-09-16T11:32:04Z DEBUG hook post-tool-use - 20781 us stdin=35us parse=36us context=160us db-open=1946us db-append=16921us handler=1678us
2026-09-16T11:32:04Z DEBUG reduce - processed 4 spool 0
2026-09-16T11:32:04Z DEBUG reduce - 10298 us stdin=4748us
2026-09-16T11:32:16Z DEBUG hook pre-tool-use - 21957 us stdin=33us parse=32us context=210us db-open=1430us db-append=18350us handler=1895us
2026-09-16T11:32:16Z DEBUG hook post-tool-use - 4618 us stdin=41us parse=63us context=248us db-open=1896us db-append=1076us handler=1288us
2026-09-16T11:32:16Z DEBUG reduce - processed 2 spool 0
2026-09-16T11:32:16Z DEBUG reduce - 14974 us stdin=9632us
2026-09-16T11:32:19Z DEBUG hook pre-tool-use - 357 us stdin=40us parse=33us context=257us handler=23us
2026-09-16T11:32:20Z DEBUG hook post-tool-use - 20224 us stdin=48us parse=48us context=165us db-open=1827us db-append=16664us handler=1466us
2026-09-16T11:32:20Z DEBUG reduce - processed 1 spool 0
2026-09-16T11:32:20Z DEBUG reduce - 16153 us stdin=10723us
2026-09-16T11:32:25Z DEBUG hook stop - 20658 us stdin=36us parse=31us context=231us db-open=1822us db-append=18206us handler=326us
2026-09-16T11:32:25Z DEBUG reduce - processed 1 spool 0
2026-09-16T11:32:25Z DEBUG reduce - 35866 us stdin=28us
